ARM GAS  C:\Users\freem\AppData\Local\Temp\ccluLPAh.s 			page 1


   1              		.syntax unified
   2              		.cpu cortex-m0
   3              		.fpu softvfp
   4              		.eabi_attribute 20, 1
   5              		.eabi_attribute 21, 1
   6              		.eabi_attribute 23, 3
   7              		.eabi_attribute 24, 1
   8              		.eabi_attribute 25, 1
   9              		.eabi_attribute 26, 1
  10              		.eabi_attribute 30, 6
  11              		.eabi_attribute 34, 0
  12              		.eabi_attribute 18, 4
  13              		.thumb
  14              		.syntax unified
  15              		.file	"cyfitter_cfg.c"
  16              		.text
  17              	.Ltext0:
  18              		.cfi_sections	.debug_frame
  19              		.section	.text.CYMEMZERO,"ax",%progbits
  20              		.align	2
  21              		.code	16
  22              		.thumb_func
  23              		.type	CYMEMZERO, %function
  24              	CYMEMZERO:
  25              	.LFB2:
  26              		.file 1 "Generated_Source\\PSoC4\\cyfitter_cfg.c"
   1:Generated_Source\PSoC4/cyfitter_cfg.c **** 
   2:Generated_Source\PSoC4/cyfitter_cfg.c **** /*******************************************************************************
   3:Generated_Source\PSoC4/cyfitter_cfg.c **** * File Name: cyfitter_cfg.c
   4:Generated_Source\PSoC4/cyfitter_cfg.c **** * 
   5:Generated_Source\PSoC4/cyfitter_cfg.c **** * PSoC Creator  4.4
   6:Generated_Source\PSoC4/cyfitter_cfg.c **** *
   7:Generated_Source\PSoC4/cyfitter_cfg.c **** * Description:
   8:Generated_Source\PSoC4/cyfitter_cfg.c **** * This file contains device initialization code.
   9:Generated_Source\PSoC4/cyfitter_cfg.c **** * Except for the user defined sections in CyClockStartupError(), this file should not be modified.
  10:Generated_Source\PSoC4/cyfitter_cfg.c **** * This file is automatically generated by PSoC Creator.
  11:Generated_Source\PSoC4/cyfitter_cfg.c **** *
  12:Generated_Source\PSoC4/cyfitter_cfg.c **** ********************************************************************************
  13:Generated_Source\PSoC4/cyfitter_cfg.c **** * Copyright (c) 2007-2020 Cypress Semiconductor.  All rights reserved.
  14:Generated_Source\PSoC4/cyfitter_cfg.c **** * You may use this file only in accordance with the license, terms, conditions, 
  15:Generated_Source\PSoC4/cyfitter_cfg.c **** * disclaimers, and limitations in the end user license agreement accompanying 
  16:Generated_Source\PSoC4/cyfitter_cfg.c **** * the software package with which this file was provided.
  17:Generated_Source\PSoC4/cyfitter_cfg.c **** ********************************************************************************/
  18:Generated_Source\PSoC4/cyfitter_cfg.c **** 
  19:Generated_Source\PSoC4/cyfitter_cfg.c **** #include <string.h>
  20:Generated_Source\PSoC4/cyfitter_cfg.c **** #include "cytypes.h"
  21:Generated_Source\PSoC4/cyfitter_cfg.c **** #include "cydevice_trm.h"
  22:Generated_Source\PSoC4/cyfitter_cfg.c **** #include "cyfitter.h"
  23:Generated_Source\PSoC4/cyfitter_cfg.c **** #include "CyLib.h"
  24:Generated_Source\PSoC4/cyfitter_cfg.c **** #include "cyfitter_cfg.h"
  25:Generated_Source\PSoC4/cyfitter_cfg.c **** 
  26:Generated_Source\PSoC4/cyfitter_cfg.c **** 
  27:Generated_Source\PSoC4/cyfitter_cfg.c **** #if defined(__GNUC__) || defined(__ARMCC_VERSION)
  28:Generated_Source\PSoC4/cyfitter_cfg.c ****     #define CYPACKED 
  29:Generated_Source\PSoC4/cyfitter_cfg.c ****     #define CYPACKED_ATTR __attribute__ ((packed))
  30:Generated_Source\PSoC4/cyfitter_cfg.c ****     #define CYALIGNED __attribute__ ((aligned))
  31:Generated_Source\PSoC4/cyfitter_cfg.c ****     #define CY_CFG_UNUSED __attribute__ ((unused))
ARM GAS  C:\Users\freem\AppData\Local\Temp\ccluLPAh.s 			page 2


  32:Generated_Source\PSoC4/cyfitter_cfg.c ****     #ifndef CY_CFG_SECTION
  33:Generated_Source\PSoC4/cyfitter_cfg.c ****         #define CY_CFG_SECTION __attribute__ ((section(".psocinit")))
  34:Generated_Source\PSoC4/cyfitter_cfg.c ****     #endif
  35:Generated_Source\PSoC4/cyfitter_cfg.c ****     
  36:Generated_Source\PSoC4/cyfitter_cfg.c ****     #if defined(__ARMCC_VERSION)
  37:Generated_Source\PSoC4/cyfitter_cfg.c ****         #define CY_CFG_MEMORY_BARRIER() __memory_changed()
  38:Generated_Source\PSoC4/cyfitter_cfg.c ****     #else
  39:Generated_Source\PSoC4/cyfitter_cfg.c ****         #define CY_CFG_MEMORY_BARRIER() __sync_synchronize()
  40:Generated_Source\PSoC4/cyfitter_cfg.c ****     #endif
  41:Generated_Source\PSoC4/cyfitter_cfg.c ****     
  42:Generated_Source\PSoC4/cyfitter_cfg.c **** #elif defined(__ICCARM__)
  43:Generated_Source\PSoC4/cyfitter_cfg.c ****     #include <intrinsics.h>
  44:Generated_Source\PSoC4/cyfitter_cfg.c **** 
  45:Generated_Source\PSoC4/cyfitter_cfg.c ****     #define CYPACKED __packed
  46:Generated_Source\PSoC4/cyfitter_cfg.c ****     #define CYPACKED_ATTR 
  47:Generated_Source\PSoC4/cyfitter_cfg.c ****     #define CYALIGNED _Pragma("data_alignment=4")
  48:Generated_Source\PSoC4/cyfitter_cfg.c ****     #define CY_CFG_UNUSED _Pragma("diag_suppress=Pe177")
  49:Generated_Source\PSoC4/cyfitter_cfg.c ****     #define CY_CFG_SECTION _Pragma("location=\".psocinit\"")
  50:Generated_Source\PSoC4/cyfitter_cfg.c ****     
  51:Generated_Source\PSoC4/cyfitter_cfg.c ****     #define CY_CFG_MEMORY_BARRIER() __DMB()
  52:Generated_Source\PSoC4/cyfitter_cfg.c ****     
  53:Generated_Source\PSoC4/cyfitter_cfg.c **** #else
  54:Generated_Source\PSoC4/cyfitter_cfg.c ****     #error Unsupported toolchain
  55:Generated_Source\PSoC4/cyfitter_cfg.c **** #endif
  56:Generated_Source\PSoC4/cyfitter_cfg.c **** 
  57:Generated_Source\PSoC4/cyfitter_cfg.c **** #ifndef CYCODE
  58:Generated_Source\PSoC4/cyfitter_cfg.c ****     #define CYCODE
  59:Generated_Source\PSoC4/cyfitter_cfg.c **** #endif
  60:Generated_Source\PSoC4/cyfitter_cfg.c **** #ifndef CYDATA
  61:Generated_Source\PSoC4/cyfitter_cfg.c ****     #define CYDATA
  62:Generated_Source\PSoC4/cyfitter_cfg.c **** #endif
  63:Generated_Source\PSoC4/cyfitter_cfg.c **** #ifndef CYFAR
  64:Generated_Source\PSoC4/cyfitter_cfg.c ****     #define CYFAR
  65:Generated_Source\PSoC4/cyfitter_cfg.c **** #endif
  66:Generated_Source\PSoC4/cyfitter_cfg.c **** #ifndef CYXDATA
  67:Generated_Source\PSoC4/cyfitter_cfg.c ****     #define CYXDATA
  68:Generated_Source\PSoC4/cyfitter_cfg.c **** #endif
  69:Generated_Source\PSoC4/cyfitter_cfg.c **** 
  70:Generated_Source\PSoC4/cyfitter_cfg.c **** 
  71:Generated_Source\PSoC4/cyfitter_cfg.c **** CY_CFG_UNUSED
  72:Generated_Source\PSoC4/cyfitter_cfg.c **** static void CYMEMZERO(void *s, size_t n);
  73:Generated_Source\PSoC4/cyfitter_cfg.c **** CY_CFG_UNUSED
  74:Generated_Source\PSoC4/cyfitter_cfg.c **** static void CYMEMZERO(void *s, size_t n)
  75:Generated_Source\PSoC4/cyfitter_cfg.c **** {
  27              		.loc 1 75 0
  28              		.cfi_startproc
  29              		@ args = 0, pretend = 0, frame = 8
  30              		@ frame_needed = 1, uses_anonymous_args = 0
  31 0000 80B5     		push	{r7, lr}
  32              		.cfi_def_cfa_offset 8
  33              		.cfi_offset 7, -8
  34              		.cfi_offset 14, -4
  35 0002 82B0     		sub	sp, sp, #8
  36              		.cfi_def_cfa_offset 16
  37 0004 00AF     		add	r7, sp, #0
  38              		.cfi_def_cfa_register 7
  39 0006 7860     		str	r0, [r7, #4]
ARM GAS  C:\Users\freem\AppData\Local\Temp\ccluLPAh.s 			page 3


  40 0008 3960     		str	r1, [r7]
  76:Generated_Source\PSoC4/cyfitter_cfg.c **** 	(void)memset(s, 0, n);
  41              		.loc 1 76 0
  42 000a 3A68     		ldr	r2, [r7]
  43 000c 7B68     		ldr	r3, [r7, #4]
  44 000e 0021     		movs	r1, #0
  45 0010 1800     		movs	r0, r3
  46 0012 FFF7FEFF 		bl	memset
  77:Generated_Source\PSoC4/cyfitter_cfg.c **** }
  47              		.loc 1 77 0
  48 0016 C046     		nop
  49 0018 BD46     		mov	sp, r7
  50 001a 02B0     		add	sp, sp, #8
  51              		@ sp needed
  52 001c 80BD     		pop	{r7, pc}
  53              		.cfi_endproc
  54              	.LFE2:
  55              		.size	CYMEMZERO, .-CYMEMZERO
  56 001e C046     		.section	.text.CYCONFIGCPY,"ax",%progbits
  57              		.align	2
  58              		.code	16
  59              		.thumb_func
  60              		.type	CYCONFIGCPY, %function
  61              	CYCONFIGCPY:
  62              	.LFB3:
  78:Generated_Source\PSoC4/cyfitter_cfg.c **** CY_CFG_UNUSED
  79:Generated_Source\PSoC4/cyfitter_cfg.c **** static void CYCONFIGCPY(void *dest, const void *src, size_t n);
  80:Generated_Source\PSoC4/cyfitter_cfg.c **** CY_CFG_UNUSED
  81:Generated_Source\PSoC4/cyfitter_cfg.c **** static void CYCONFIGCPY(void *dest, const void *src, size_t n)
  82:Generated_Source\PSoC4/cyfitter_cfg.c **** {
  63              		.loc 1 82 0
  64              		.cfi_startproc
  65              		@ args = 0, pretend = 0, frame = 16
  66              		@ frame_needed = 1, uses_anonymous_args = 0
  67 0000 80B5     		push	{r7, lr}
  68              		.cfi_def_cfa_offset 8
  69              		.cfi_offset 7, -8
  70              		.cfi_offset 14, -4
  71 0002 84B0     		sub	sp, sp, #16
  72              		.cfi_def_cfa_offset 24
  73 0004 00AF     		add	r7, sp, #0
  74              		.cfi_def_cfa_register 7
  75 0006 F860     		str	r0, [r7, #12]
  76 0008 B960     		str	r1, [r7, #8]
  77 000a 7A60     		str	r2, [r7, #4]
  83:Generated_Source\PSoC4/cyfitter_cfg.c **** 	(void)memcpy(dest, src, n);
  78              		.loc 1 83 0
  79 000c 7A68     		ldr	r2, [r7, #4]
  80 000e B968     		ldr	r1, [r7, #8]
  81 0010 FB68     		ldr	r3, [r7, #12]
  82 0012 1800     		movs	r0, r3
  83 0014 FFF7FEFF 		bl	memcpy
  84:Generated_Source\PSoC4/cyfitter_cfg.c **** }
  84              		.loc 1 84 0
  85 0018 C046     		nop
  86 001a BD46     		mov	sp, r7
  87 001c 04B0     		add	sp, sp, #16
ARM GAS  C:\Users\freem\AppData\Local\Temp\ccluLPAh.s 			page 4


  88              		@ sp needed
  89 001e 80BD     		pop	{r7, pc}
  90              		.cfi_endproc
  91              	.LFE3:
  92              		.size	CYCONFIGCPY, .-CYCONFIGCPY
  93              		.section	.text.CYCONFIGCPYCODE,"ax",%progbits
  94              		.align	2
  95              		.code	16
  96              		.thumb_func
  97              		.type	CYCONFIGCPYCODE, %function
  98              	CYCONFIGCPYCODE:
  99              	.LFB4:
  85:Generated_Source\PSoC4/cyfitter_cfg.c **** CY_CFG_UNUSED
  86:Generated_Source\PSoC4/cyfitter_cfg.c **** static void CYCONFIGCPYCODE(void *dest, const void *src, size_t n);
  87:Generated_Source\PSoC4/cyfitter_cfg.c **** CY_CFG_UNUSED
  88:Generated_Source\PSoC4/cyfitter_cfg.c **** static void CYCONFIGCPYCODE(void *dest, const void *src, size_t n)
  89:Generated_Source\PSoC4/cyfitter_cfg.c **** {
 100              		.loc 1 89 0
 101              		.cfi_startproc
 102              		@ args = 0, pretend = 0, frame = 16
 103              		@ frame_needed = 1, uses_anonymous_args = 0
 104 0000 80B5     		push	{r7, lr}
 105              		.cfi_def_cfa_offset 8
 106              		.cfi_offset 7, -8
 107              		.cfi_offset 14, -4
 108 0002 84B0     		sub	sp, sp, #16
 109              		.cfi_def_cfa_offset 24
 110 0004 00AF     		add	r7, sp, #0
 111              		.cfi_def_cfa_register 7
 112 0006 F860     		str	r0, [r7, #12]
 113 0008 B960     		str	r1, [r7, #8]
 114 000a 7A60     		str	r2, [r7, #4]
  90:Generated_Source\PSoC4/cyfitter_cfg.c **** 	(void)memcpy(dest, src, n);
 115              		.loc 1 90 0
 116 000c 7A68     		ldr	r2, [r7, #4]
 117 000e B968     		ldr	r1, [r7, #8]
 118 0010 FB68     		ldr	r3, [r7, #12]
 119 0012 1800     		movs	r0, r3
 120 0014 FFF7FEFF 		bl	memcpy
  91:Generated_Source\PSoC4/cyfitter_cfg.c **** }
 121              		.loc 1 91 0
 122 0018 C046     		nop
 123 001a BD46     		mov	sp, r7
 124 001c 04B0     		add	sp, sp, #16
 125              		@ sp needed
 126 001e 80BD     		pop	{r7, pc}
 127              		.cfi_endproc
 128              	.LFE4:
 129              		.size	CYCONFIGCPYCODE, .-CYCONFIGCPYCODE
 130              		.section	.psocinit,"ax",%progbits
 131              		.align	2
 132              		.code	16
 133              		.thumb_func
 134              		.type	ClockSetup, %function
 135              	ClockSetup:
 136              	.LFB5:
  92:Generated_Source\PSoC4/cyfitter_cfg.c **** 
ARM GAS  C:\Users\freem\AppData\Local\Temp\ccluLPAh.s 			page 5


  93:Generated_Source\PSoC4/cyfitter_cfg.c **** 
  94:Generated_Source\PSoC4/cyfitter_cfg.c **** 
  95:Generated_Source\PSoC4/cyfitter_cfg.c **** 
  96:Generated_Source\PSoC4/cyfitter_cfg.c **** /* Clock startup error codes                                                   */
  97:Generated_Source\PSoC4/cyfitter_cfg.c **** #define CYCLOCKSTART_NO_ERROR    0u
  98:Generated_Source\PSoC4/cyfitter_cfg.c **** #define CYCLOCKSTART_XTAL_ERROR  1u
  99:Generated_Source\PSoC4/cyfitter_cfg.c **** #define CYCLOCKSTART_32KHZ_ERROR 2u
 100:Generated_Source\PSoC4/cyfitter_cfg.c **** #define CYCLOCKSTART_PLL_ERROR   3u
 101:Generated_Source\PSoC4/cyfitter_cfg.c **** #define CYCLOCKSTART_FLL_ERROR   4u
 102:Generated_Source\PSoC4/cyfitter_cfg.c **** #define CYCLOCKSTART_WCO_ERROR   5u
 103:Generated_Source\PSoC4/cyfitter_cfg.c **** 
 104:Generated_Source\PSoC4/cyfitter_cfg.c **** 
 105:Generated_Source\PSoC4/cyfitter_cfg.c **** #ifdef CY_NEED_CYCLOCKSTARTUPERROR
 106:Generated_Source\PSoC4/cyfitter_cfg.c **** /*******************************************************************************
 107:Generated_Source\PSoC4/cyfitter_cfg.c **** * Function Name: CyClockStartupError
 108:Generated_Source\PSoC4/cyfitter_cfg.c **** ********************************************************************************
 109:Generated_Source\PSoC4/cyfitter_cfg.c **** * Summary:
 110:Generated_Source\PSoC4/cyfitter_cfg.c **** *  If an error is encountered during clock configuration (crystal startup error,
 111:Generated_Source\PSoC4/cyfitter_cfg.c **** *  PLL lock error, etc.), the system will end up here.  Unless reimplemented by
 112:Generated_Source\PSoC4/cyfitter_cfg.c **** *  the customer, this function will stop in an infinite loop.
 113:Generated_Source\PSoC4/cyfitter_cfg.c **** *
 114:Generated_Source\PSoC4/cyfitter_cfg.c **** * Parameters:
 115:Generated_Source\PSoC4/cyfitter_cfg.c **** *   void
 116:Generated_Source\PSoC4/cyfitter_cfg.c **** *
 117:Generated_Source\PSoC4/cyfitter_cfg.c **** * Return:
 118:Generated_Source\PSoC4/cyfitter_cfg.c **** *   void
 119:Generated_Source\PSoC4/cyfitter_cfg.c **** *
 120:Generated_Source\PSoC4/cyfitter_cfg.c **** *******************************************************************************/
 121:Generated_Source\PSoC4/cyfitter_cfg.c **** CY_CFG_UNUSED
 122:Generated_Source\PSoC4/cyfitter_cfg.c **** static void CyClockStartupError(uint8 errorCode);
 123:Generated_Source\PSoC4/cyfitter_cfg.c **** CY_CFG_UNUSED
 124:Generated_Source\PSoC4/cyfitter_cfg.c **** static void CyClockStartupError(uint8 errorCode)
 125:Generated_Source\PSoC4/cyfitter_cfg.c **** {
 126:Generated_Source\PSoC4/cyfitter_cfg.c ****     /* To remove the compiler warning if errorCode not used.                */
 127:Generated_Source\PSoC4/cyfitter_cfg.c ****     errorCode = errorCode;
 128:Generated_Source\PSoC4/cyfitter_cfg.c **** 
 129:Generated_Source\PSoC4/cyfitter_cfg.c ****     /* If we have a clock startup error (bad MHz crystal, PLL lock, etc.),  */
 130:Generated_Source\PSoC4/cyfitter_cfg.c ****     /* we will end up here to allow the customer to implement something to  */
 131:Generated_Source\PSoC4/cyfitter_cfg.c ****     /* deal with the clock condition.                                       */
 132:Generated_Source\PSoC4/cyfitter_cfg.c **** 
 133:Generated_Source\PSoC4/cyfitter_cfg.c **** #ifdef CY_CFG_CLOCK_STARTUP_ERROR_CALLBACK
 134:Generated_Source\PSoC4/cyfitter_cfg.c ****     CY_CFG_Clock_Startup_ErrorCallback();
 135:Generated_Source\PSoC4/cyfitter_cfg.c **** #else
 136:Generated_Source\PSoC4/cyfitter_cfg.c ****     /*  If not using CY_CFG_CLOCK_STARTUP_ERROR_CALLBACK, place your clock startup code here. */
 137:Generated_Source\PSoC4/cyfitter_cfg.c ****     /* `#START CyClockStartupError` */
 138:Generated_Source\PSoC4/cyfitter_cfg.c **** 
 139:Generated_Source\PSoC4/cyfitter_cfg.c ****     /* If we have a clock startup error (bad MHz crystal, PLL lock, etc.),  */
 140:Generated_Source\PSoC4/cyfitter_cfg.c ****     /* we will end up here to allow the customer to implement something to  */
 141:Generated_Source\PSoC4/cyfitter_cfg.c ****     /* deal with the clock condition.                                       */
 142:Generated_Source\PSoC4/cyfitter_cfg.c **** 
 143:Generated_Source\PSoC4/cyfitter_cfg.c ****     /* `#END` */
 144:Generated_Source\PSoC4/cyfitter_cfg.c **** 
 145:Generated_Source\PSoC4/cyfitter_cfg.c ****     while(1) {}
 146:Generated_Source\PSoC4/cyfitter_cfg.c **** #endif /* CY_CFG_CLOCK_STARTUP_ERROR_CALLBACK */
 147:Generated_Source\PSoC4/cyfitter_cfg.c **** }
 148:Generated_Source\PSoC4/cyfitter_cfg.c **** #endif
 149:Generated_Source\PSoC4/cyfitter_cfg.c **** 
ARM GAS  C:\Users\freem\AppData\Local\Temp\ccluLPAh.s 			page 6


 150:Generated_Source\PSoC4/cyfitter_cfg.c **** 
 151:Generated_Source\PSoC4/cyfitter_cfg.c **** 
 152:Generated_Source\PSoC4/cyfitter_cfg.c **** /*******************************************************************************
 153:Generated_Source\PSoC4/cyfitter_cfg.c **** * Function Name: ClockSetup
 154:Generated_Source\PSoC4/cyfitter_cfg.c **** ********************************************************************************
 155:Generated_Source\PSoC4/cyfitter_cfg.c **** *
 156:Generated_Source\PSoC4/cyfitter_cfg.c **** * Summary:
 157:Generated_Source\PSoC4/cyfitter_cfg.c **** *   Performs the initialization of all of the clocks in the device based on the
 158:Generated_Source\PSoC4/cyfitter_cfg.c **** *   settings in the Clock tab of the DWR.  This includes enabling the requested
 159:Generated_Source\PSoC4/cyfitter_cfg.c **** *   clocks and setting the necessary dividers to produce the desired frequency. 
 160:Generated_Source\PSoC4/cyfitter_cfg.c **** *
 161:Generated_Source\PSoC4/cyfitter_cfg.c **** * Parameters:
 162:Generated_Source\PSoC4/cyfitter_cfg.c **** *   void
 163:Generated_Source\PSoC4/cyfitter_cfg.c **** *
 164:Generated_Source\PSoC4/cyfitter_cfg.c **** * Return:
 165:Generated_Source\PSoC4/cyfitter_cfg.c **** *   void
 166:Generated_Source\PSoC4/cyfitter_cfg.c **** *
 167:Generated_Source\PSoC4/cyfitter_cfg.c **** *******************************************************************************/
 168:Generated_Source\PSoC4/cyfitter_cfg.c **** static void ClockSetup(void);
 169:Generated_Source\PSoC4/cyfitter_cfg.c **** CY_CFG_SECTION
 170:Generated_Source\PSoC4/cyfitter_cfg.c **** static void ClockSetup(void)
 171:Generated_Source\PSoC4/cyfitter_cfg.c **** {
 137              		.loc 1 171 0
 138              		.cfi_startproc
 139              		@ args = 0, pretend = 0, frame = 0
 140              		@ frame_needed = 1, uses_anonymous_args = 0
 141 0000 80B5     		push	{r7, lr}
 142              		.cfi_def_cfa_offset 8
 143              		.cfi_offset 7, -8
 144              		.cfi_offset 14, -4
 145 0002 00AF     		add	r7, sp, #0
 146              		.cfi_def_cfa_register 7
 172:Generated_Source\PSoC4/cyfitter_cfg.c **** 
 173:Generated_Source\PSoC4/cyfitter_cfg.c **** 	/* Set Flash Cycles based on max possible frequency in case a glitch occurs during ClockSetup(). *
 174:Generated_Source\PSoC4/cyfitter_cfg.c **** 	CY_SET_REG32((void CYXDATA *)(CYREG_CPUSS_FLASH_CTL), (0x0012u));
 147              		.loc 1 174 0
 148 0004 1F4B     		ldr	r3, .L5
 149 0006 1222     		movs	r2, #18
 150 0008 1A60     		str	r2, [r3]
 175:Generated_Source\PSoC4/cyfitter_cfg.c **** 
 176:Generated_Source\PSoC4/cyfitter_cfg.c **** 	/* Start the WCO */
 177:Generated_Source\PSoC4/cyfitter_cfg.c **** 	CySysClkWcoStart();
 151              		.loc 1 177 0
 152 000a FFF7FEFF 		bl	CySysClkWcoStart
 178:Generated_Source\PSoC4/cyfitter_cfg.c **** 	(void)CySysClkWcoSetPowerMode(CY_SYS_CLK_WCO_LPM);    /* Switch to the low power mode */
 153              		.loc 1 178 0
 154 000e 0120     		movs	r0, #1
 155 0010 FFF7FEFF 		bl	CySysClkWcoSetPowerMode
 179:Generated_Source\PSoC4/cyfitter_cfg.c **** 
 180:Generated_Source\PSoC4/cyfitter_cfg.c **** 	/* Setup and trim IMO based on desired frequency. */
 181:Generated_Source\PSoC4/cyfitter_cfg.c **** 	CySysClkWriteImoFreq(48u);
 156              		.loc 1 181 0
 157 0014 3020     		movs	r0, #48
 158 0016 FFF7FEFF 		bl	CySysClkWriteImoFreq
 182:Generated_Source\PSoC4/cyfitter_cfg.c **** 	/* CYDEV_CLK_ILO_CONFIG Starting address: CYDEV_CLK_ILO_CONFIG */
 183:Generated_Source\PSoC4/cyfitter_cfg.c **** 	CY_SET_REG32((void *)(CYREG_CLK_ILO_CONFIG), 0x80000006u);
 159              		.loc 1 183 0
ARM GAS  C:\Users\freem\AppData\Local\Temp\ccluLPAh.s 			page 7


 160 001a 1B4B     		ldr	r3, .L5+4
 161 001c 1B4A     		ldr	r2, .L5+8
 162 001e 1A60     		str	r2, [r3]
 184:Generated_Source\PSoC4/cyfitter_cfg.c **** 
 185:Generated_Source\PSoC4/cyfitter_cfg.c **** 
 186:Generated_Source\PSoC4/cyfitter_cfg.c **** 	/* Enable fast start mode for XO */
 187:Generated_Source\PSoC4/cyfitter_cfg.c **** 	CY_SET_REG32((void*)CYREG_BLE_BLERD_BB_XO, CY_GET_REG32((void*)CYREG_BLE_BLERD_BB_XO) | (uint32)0x
 163              		.loc 1 187 0
 164 0020 1B4B     		ldr	r3, .L5+12
 165 0022 1B4A     		ldr	r2, .L5+12
 166 0024 1268     		ldr	r2, [r2]
 167 0026 0221     		movs	r1, #2
 168 0028 0A43     		orrs	r2, r1
 169 002a 1A60     		str	r2, [r3]
 188:Generated_Source\PSoC4/cyfitter_cfg.c **** 	CY_SET_REG32((void *)(CYREG_BLE_BLERD_BB_XO_CAPTRIM), 0x00003E2Du);
 170              		.loc 1 188 0
 171 002c 194B     		ldr	r3, .L5+16
 172 002e 1A4A     		ldr	r2, .L5+20
 173 0030 1A60     		str	r2, [r3]
 189:Generated_Source\PSoC4/cyfitter_cfg.c **** 	/*Set XTAL(ECO) divider*/
 190:Generated_Source\PSoC4/cyfitter_cfg.c **** 	CY_SET_REG32((void *)(CYREG_BLE_BLESS_XTAL_CLK_DIV_CONFIG), 0x00000000u);
 174              		.loc 1 190 0
 175 0032 1A4B     		ldr	r3, .L5+24
 176 0034 0022     		movs	r2, #0
 177 0036 1A60     		str	r2, [r3]
 191:Generated_Source\PSoC4/cyfitter_cfg.c **** 	/* Disable Crystal Stable Interrupt before enabling ECO */
 192:Generated_Source\PSoC4/cyfitter_cfg.c **** 	CY_SET_REG32((void*)CYREG_BLE_BLESS_LL_DSM_CTRL, CY_GET_REG32((void*)CYREG_BLE_BLESS_LL_DSM_CTRL) 
 178              		.loc 1 192 0
 179 0038 194B     		ldr	r3, .L5+28
 180 003a 194A     		ldr	r2, .L5+28
 181 003c 1268     		ldr	r2, [r2]
 182 003e 0821     		movs	r1, #8
 183 0040 8A43     		bics	r2, r1
 184 0042 1A60     		str	r2, [r3]
 193:Generated_Source\PSoC4/cyfitter_cfg.c **** 	/* Start the ECO and do not check status since it is not needed for HFCLK */
 194:Generated_Source\PSoC4/cyfitter_cfg.c **** 	(void)CySysClkEcoStart(2000u);
 185              		.loc 1 194 0
 186 0044 FA23     		movs	r3, #250
 187 0046 DB00     		lsls	r3, r3, #3
 188 0048 1800     		movs	r0, r3
 189 004a FFF7FEFF 		bl	CySysClkEcoStart
 195:Generated_Source\PSoC4/cyfitter_cfg.c **** 	CyDelayUs(1500u); /* Wait to stabilize */
 190              		.loc 1 195 0
 191 004e 154B     		ldr	r3, .L5+32
 192 0050 1800     		movs	r0, r3
 193 0052 FFF7FEFF 		bl	CyDelayUs
 196:Generated_Source\PSoC4/cyfitter_cfg.c **** 
 197:Generated_Source\PSoC4/cyfitter_cfg.c **** 	/* Setup phase aligned clocks */
 198:Generated_Source\PSoC4/cyfitter_cfg.c **** 	CY_SET_REG32((void *)CYREG_PERI_DIV_16_CTL0, 0x0005DB00u);
 194              		.loc 1 198 0
 195 0056 144B     		ldr	r3, .L5+36
 196 0058 144A     		ldr	r2, .L5+40
 197 005a 1A60     		str	r2, [r3]
 199:Generated_Source\PSoC4/cyfitter_cfg.c **** 	CY_SET_REG32((void *)CYREG_PERI_DIV_CMD, 0x8000FF40u);
 198              		.loc 1 199 0
 199 005c 144B     		ldr	r3, .L5+44
 200 005e 154A     		ldr	r2, .L5+48
ARM GAS  C:\Users\freem\AppData\Local\Temp\ccluLPAh.s 			page 8


 201 0060 1A60     		str	r2, [r3]
 200:Generated_Source\PSoC4/cyfitter_cfg.c **** 
 201:Generated_Source\PSoC4/cyfitter_cfg.c **** 	/* CYDEV_CLK_IMO_CONFIG Starting address: CYDEV_CLK_IMO_CONFIG */
 202:Generated_Source\PSoC4/cyfitter_cfg.c **** 	CY_SET_REG32((void *)(CYREG_CLK_IMO_CONFIG), 0x80000000u);
 202              		.loc 1 202 0
 203 0062 154B     		ldr	r3, .L5+52
 204 0064 8022     		movs	r2, #128
 205 0066 1206     		lsls	r2, r2, #24
 206 0068 1A60     		str	r2, [r3]
 203:Generated_Source\PSoC4/cyfitter_cfg.c **** 
 204:Generated_Source\PSoC4/cyfitter_cfg.c **** 	/* CYDEV_CLK_SELECT Starting address: CYDEV_CLK_SELECT */
 205:Generated_Source\PSoC4/cyfitter_cfg.c **** 	CY_SET_REG32((void *)(CYREG_CLK_SELECT), 0x00040000u);
 207              		.loc 1 205 0
 208 006a 144B     		ldr	r3, .L5+56
 209 006c 8022     		movs	r2, #128
 210 006e D202     		lsls	r2, r2, #11
 211 0070 1A60     		str	r2, [r3]
 206:Generated_Source\PSoC4/cyfitter_cfg.c **** 
 207:Generated_Source\PSoC4/cyfitter_cfg.c **** 	/* CYDEV_PERI_PCLK_CTL1 Starting address: CYDEV_PERI_PCLK_CTL1 */
 208:Generated_Source\PSoC4/cyfitter_cfg.c **** 	CY_SET_REG32((void *)(CYREG_PERI_PCLK_CTL1), 0x00000040u);
 212              		.loc 1 208 0
 213 0072 134B     		ldr	r3, .L5+60
 214 0074 4022     		movs	r2, #64
 215 0076 1A60     		str	r2, [r3]
 209:Generated_Source\PSoC4/cyfitter_cfg.c **** 
 210:Generated_Source\PSoC4/cyfitter_cfg.c **** 	CY_SET_REG32((void *)(CYREG_WDT_CONFIG), 0x00000000u);
 216              		.loc 1 210 0
 217 0078 124B     		ldr	r3, .L5+64
 218 007a 0022     		movs	r2, #0
 219 007c 1A60     		str	r2, [r3]
 211:Generated_Source\PSoC4/cyfitter_cfg.c **** }
 220              		.loc 1 211 0
 221 007e C046     		nop
 222 0080 BD46     		mov	sp, r7
 223              		@ sp needed
 224 0082 80BD     		pop	{r7, pc}
 225              	.L6:
 226              		.align	2
 227              	.L5:
 228 0084 30001040 		.word	1074790448
 229 0088 04010B40 		.word	1074462980
 230 008c 06000080 		.word	-2147483642
 231 0090 78002E40 		.word	1076756600
 232 0094 7C002E40 		.word	1076756604
 233 0098 2D3E0000 		.word	15917
 234 009c 64F02E40 		.word	1076818020
 235 00a0 6CF02E40 		.word	1076818028
 236 00a4 DC050000 		.word	1500
 237 00a8 00030140 		.word	1073808128
 238 00ac 00DB0500 		.word	383744
 239 00b0 00000140 		.word	1073807360
 240 00b4 40FF0080 		.word	-2147418304
 241 00b8 08010B40 		.word	1074462984
 242 00bc 00010B40 		.word	1074462976
 243 00c0 04010140 		.word	1073807620
 244 00c4 0C020B40 		.word	1074463244
 245              		.cfi_endproc
ARM GAS  C:\Users\freem\AppData\Local\Temp\ccluLPAh.s 			page 9


 246              	.LFE5:
 247              		.size	ClockSetup, .-ClockSetup
 248              		.section	.text.AnalogSetDefault,"ax",%progbits
 249              		.align	2
 250              		.code	16
 251              		.thumb_func
 252              		.type	AnalogSetDefault, %function
 253              	AnalogSetDefault:
 254              	.LFB6:
 212:Generated_Source\PSoC4/cyfitter_cfg.c **** 
 213:Generated_Source\PSoC4/cyfitter_cfg.c **** 
 214:Generated_Source\PSoC4/cyfitter_cfg.c **** /* Analog API Functions */
 215:Generated_Source\PSoC4/cyfitter_cfg.c **** 
 216:Generated_Source\PSoC4/cyfitter_cfg.c **** 
 217:Generated_Source\PSoC4/cyfitter_cfg.c **** /*******************************************************************************
 218:Generated_Source\PSoC4/cyfitter_cfg.c **** * Function Name: AnalogSetDefault
 219:Generated_Source\PSoC4/cyfitter_cfg.c **** ********************************************************************************
 220:Generated_Source\PSoC4/cyfitter_cfg.c **** *
 221:Generated_Source\PSoC4/cyfitter_cfg.c **** * Summary:
 222:Generated_Source\PSoC4/cyfitter_cfg.c **** *  Sets up the analog portions of the chip to default values based on chip
 223:Generated_Source\PSoC4/cyfitter_cfg.c **** *  configuration options from the project.
 224:Generated_Source\PSoC4/cyfitter_cfg.c **** *
 225:Generated_Source\PSoC4/cyfitter_cfg.c **** * Parameters:
 226:Generated_Source\PSoC4/cyfitter_cfg.c **** *  void
 227:Generated_Source\PSoC4/cyfitter_cfg.c **** *
 228:Generated_Source\PSoC4/cyfitter_cfg.c **** * Return:
 229:Generated_Source\PSoC4/cyfitter_cfg.c **** *  void
 230:Generated_Source\PSoC4/cyfitter_cfg.c **** *
 231:Generated_Source\PSoC4/cyfitter_cfg.c **** *******************************************************************************/
 232:Generated_Source\PSoC4/cyfitter_cfg.c **** static void AnalogSetDefault(void);
 233:Generated_Source\PSoC4/cyfitter_cfg.c **** static void AnalogSetDefault(void)
 234:Generated_Source\PSoC4/cyfitter_cfg.c **** {
 255              		.loc 1 234 0
 256              		.cfi_startproc
 257              		@ args = 0, pretend = 0, frame = 0
 258              		@ frame_needed = 1, uses_anonymous_args = 0
 259 0000 80B5     		push	{r7, lr}
 260              		.cfi_def_cfa_offset 8
 261              		.cfi_offset 7, -8
 262              		.cfi_offset 14, -4
 263 0002 00AF     		add	r7, sp, #0
 264              		.cfi_def_cfa_register 7
 235:Generated_Source\PSoC4/cyfitter_cfg.c **** 	CY_SET_XTND_REG32((void CYFAR *)CYREG_CTBM0_DFT_CTRL, 0x00000003u);
 265              		.loc 1 235 0
 266 0004 054B     		ldr	r3, .L8
 267 0006 0322     		movs	r2, #3
 268 0008 1A60     		str	r2, [r3]
 236:Generated_Source\PSoC4/cyfitter_cfg.c **** 	CY_SET_XTND_REG32((void CYFAR *)CYREG_CTBM1_DFT_CTRL, 0x00000003u);
 269              		.loc 1 236 0
 270 000a 054B     		ldr	r3, .L8+4
 271 000c 0322     		movs	r2, #3
 272 000e 1A60     		str	r2, [r3]
 237:Generated_Source\PSoC4/cyfitter_cfg.c **** 	CY_SET_XTND_REG32((void CYFAR *)CYREG_PASS_DSAB_DSAB_CTRL, 0x00000000u);
 273              		.loc 1 237 0
 274 0010 044B     		ldr	r3, .L8+8
 275 0012 0022     		movs	r2, #0
 276 0014 1A60     		str	r2, [r3]
ARM GAS  C:\Users\freem\AppData\Local\Temp\ccluLPAh.s 			page 10


 238:Generated_Source\PSoC4/cyfitter_cfg.c **** }
 277              		.loc 1 238 0
 278 0016 C046     		nop
 279 0018 BD46     		mov	sp, r7
 280              		@ sp needed
 281 001a 80BD     		pop	{r7, pc}
 282              	.L9:
 283              		.align	2
 284              	.L8:
 285 001c 30003040 		.word	1076887600
 286 0020 30003140 		.word	1076953136
 287 0024 000E3F40 		.word	1077874176
 288              		.cfi_endproc
 289              	.LFE6:
 290              		.size	AnalogSetDefault, .-AnalogSetDefault
 291              		.section	.psocinit
 292              		.align	2
 293              		.global	cyfitter_cfg
 294              		.code	16
 295              		.thumb_func
 296              		.type	cyfitter_cfg, %function
 297              	cyfitter_cfg:
 298              	.LFB7:
 239:Generated_Source\PSoC4/cyfitter_cfg.c **** 
 240:Generated_Source\PSoC4/cyfitter_cfg.c **** 
 241:Generated_Source\PSoC4/cyfitter_cfg.c **** 
 242:Generated_Source\PSoC4/cyfitter_cfg.c **** 
 243:Generated_Source\PSoC4/cyfitter_cfg.c **** /*******************************************************************************
 244:Generated_Source\PSoC4/cyfitter_cfg.c **** * Function Name: cyfitter_cfg
 245:Generated_Source\PSoC4/cyfitter_cfg.c **** ********************************************************************************
 246:Generated_Source\PSoC4/cyfitter_cfg.c **** * Summary:
 247:Generated_Source\PSoC4/cyfitter_cfg.c **** *  This function is called by the start-up code for the selected device. It
 248:Generated_Source\PSoC4/cyfitter_cfg.c **** *  performs all of the necessary device configuration based on the design
 249:Generated_Source\PSoC4/cyfitter_cfg.c **** *  settings.  This includes settings from the Design Wide Resources (DWR) such
 250:Generated_Source\PSoC4/cyfitter_cfg.c **** *  as Clocks and Pins as well as any component configuration that is necessary.
 251:Generated_Source\PSoC4/cyfitter_cfg.c **** *
 252:Generated_Source\PSoC4/cyfitter_cfg.c **** * Parameters:
 253:Generated_Source\PSoC4/cyfitter_cfg.c **** *   void
 254:Generated_Source\PSoC4/cyfitter_cfg.c **** *
 255:Generated_Source\PSoC4/cyfitter_cfg.c **** * Return:
 256:Generated_Source\PSoC4/cyfitter_cfg.c **** *   void
 257:Generated_Source\PSoC4/cyfitter_cfg.c **** *
 258:Generated_Source\PSoC4/cyfitter_cfg.c **** *******************************************************************************/
 259:Generated_Source\PSoC4/cyfitter_cfg.c **** CY_CFG_SECTION
 260:Generated_Source\PSoC4/cyfitter_cfg.c **** void cyfitter_cfg(void)
 261:Generated_Source\PSoC4/cyfitter_cfg.c **** {
 299              		.loc 1 261 0
 300              		.cfi_startproc
 301              		@ args = 0, pretend = 0, frame = 8
 302              		@ frame_needed = 1, uses_anonymous_args = 0
 303 00c8 80B5     		push	{r7, lr}
 304              		.cfi_def_cfa_offset 8
 305              		.cfi_offset 7, -8
 306              		.cfi_offset 14, -4
 307 00ca 82B0     		sub	sp, sp, #8
 308              		.cfi_def_cfa_offset 16
 309 00cc 00AF     		add	r7, sp, #0
ARM GAS  C:\Users\freem\AppData\Local\Temp\ccluLPAh.s 			page 11


 310              		.cfi_def_cfa_register 7
 262:Generated_Source\PSoC4/cyfitter_cfg.c **** 	/* Disable interrupts by default. Let user enable if/when they want. */
 263:Generated_Source\PSoC4/cyfitter_cfg.c **** 	CyGlobalIntDisable;
 311              		.loc 1 263 0
 312              		.syntax divided
 313              	@ 263 "Generated_Source\PSoC4\cyfitter_cfg.c" 1
 314 00ce 72B6     		CPSID   i
 315              	@ 0 "" 2
 264:Generated_Source\PSoC4/cyfitter_cfg.c **** 
 265:Generated_Source\PSoC4/cyfitter_cfg.c **** 	CY_SET_REG32((void *)(CYREG_BLE_BLESS_LL_DSM_CTRL), 0x00000000u);
 316              		.loc 1 265 0
 317              		.thumb
 318              		.syntax unified
 319 00d0 364B     		ldr	r3, .L13
 320 00d2 0022     		movs	r2, #0
 321 00d4 1A60     		str	r2, [r3]
 322              	.LBB2:
 266:Generated_Source\PSoC4/cyfitter_cfg.c **** 
 267:Generated_Source\PSoC4/cyfitter_cfg.c **** 	{
 268:Generated_Source\PSoC4/cyfitter_cfg.c **** 
 269:Generated_Source\PSoC4/cyfitter_cfg.c **** 		CYPACKED typedef struct {
 270:Generated_Source\PSoC4/cyfitter_cfg.c **** 			void CYFAR *address;
 271:Generated_Source\PSoC4/cyfitter_cfg.c **** 			uint16 size;
 272:Generated_Source\PSoC4/cyfitter_cfg.c **** 		} CYPACKED_ATTR cfg_memset_t;
 273:Generated_Source\PSoC4/cyfitter_cfg.c **** 
 274:Generated_Source\PSoC4/cyfitter_cfg.c **** 		static const cfg_memset_t CYCODE cfg_memset_list[] = {
 275:Generated_Source\PSoC4/cyfitter_cfg.c **** 			/* address, size */
 276:Generated_Source\PSoC4/cyfitter_cfg.c **** 			{(void CYFAR *)(CYDEV_UDB_P0_U0_BASE), 1024u},
 277:Generated_Source\PSoC4/cyfitter_cfg.c **** 			{(void CYFAR *)(CYDEV_UDB_DSI0_BASE), 1024u},
 278:Generated_Source\PSoC4/cyfitter_cfg.c **** 		};
 279:Generated_Source\PSoC4/cyfitter_cfg.c **** 
 280:Generated_Source\PSoC4/cyfitter_cfg.c **** 		uint8 CYDATA i;
 281:Generated_Source\PSoC4/cyfitter_cfg.c **** 
 282:Generated_Source\PSoC4/cyfitter_cfg.c **** 		/* Zero out critical memory blocks before beginning configuration */
 283:Generated_Source\PSoC4/cyfitter_cfg.c **** 		for (i = 0u; i < (sizeof(cfg_memset_list)/sizeof(cfg_memset_list[0])); i++)
 323              		.loc 1 283 0
 324 00d6 FB1D     		adds	r3, r7, #7
 325 00d8 0022     		movs	r2, #0
 326 00da 1A70     		strb	r2, [r3]
 327 00dc 22E0     		b	.L11
 328              	.L12:
 329              	.LBB3:
 284:Generated_Source\PSoC4/cyfitter_cfg.c **** 		{
 285:Generated_Source\PSoC4/cyfitter_cfg.c **** 			const cfg_memset_t CYCODE * CYDATA ms = &cfg_memset_list[i];
 330              		.loc 1 285 0 discriminator 3
 331 00de FB1D     		adds	r3, r7, #7
 332 00e0 1A78     		ldrb	r2, [r3]
 333 00e2 1300     		movs	r3, r2
 334 00e4 5B00     		lsls	r3, r3, #1
 335 00e6 9B18     		adds	r3, r3, r2
 336 00e8 5B00     		lsls	r3, r3, #1
 337 00ea 314A     		ldr	r2, .L13+4
 338 00ec 9B18     		adds	r3, r3, r2
 339 00ee 3B60     		str	r3, [r7]
 286:Generated_Source\PSoC4/cyfitter_cfg.c **** 			CYMEMZERO(ms->address, (size_t)(uint32)(ms->size));
 340              		.loc 1 286 0 discriminator 3
 341 00f0 3B68     		ldr	r3, [r7]
ARM GAS  C:\Users\freem\AppData\Local\Temp\ccluLPAh.s 			page 12


 342 00f2 1A78     		ldrb	r2, [r3]
 343 00f4 5978     		ldrb	r1, [r3, #1]
 344 00f6 0902     		lsls	r1, r1, #8
 345 00f8 0A43     		orrs	r2, r1
 346 00fa 9978     		ldrb	r1, [r3, #2]
 347 00fc 0904     		lsls	r1, r1, #16
 348 00fe 0A43     		orrs	r2, r1
 349 0100 DB78     		ldrb	r3, [r3, #3]
 350 0102 1B06     		lsls	r3, r3, #24
 351 0104 1343     		orrs	r3, r2
 352 0106 1800     		movs	r0, r3
 353 0108 3B68     		ldr	r3, [r7]
 354 010a 1A79     		ldrb	r2, [r3, #4]
 355 010c 5B79     		ldrb	r3, [r3, #5]
 356 010e 1B02     		lsls	r3, r3, #8
 357 0110 1343     		orrs	r3, r2
 358 0112 9BB2     		uxth	r3, r3
 359 0114 1900     		movs	r1, r3
 360 0116 FFF7FEFF 		bl	CYMEMZERO
 361              	.LBE3:
 283:Generated_Source\PSoC4/cyfitter_cfg.c **** 		{
 362              		.loc 1 283 0 discriminator 3
 363 011a FB1D     		adds	r3, r7, #7
 364 011c 1A78     		ldrb	r2, [r3]
 365 011e FB1D     		adds	r3, r7, #7
 366 0120 0132     		adds	r2, r2, #1
 367 0122 1A70     		strb	r2, [r3]
 368              	.L11:
 283:Generated_Source\PSoC4/cyfitter_cfg.c **** 		{
 369              		.loc 1 283 0 is_stmt 0 discriminator 1
 370 0124 FB1D     		adds	r3, r7, #7
 371 0126 1B78     		ldrb	r3, [r3]
 372 0128 012B     		cmp	r3, #1
 373 012a D8D9     		bls	.L12
 287:Generated_Source\PSoC4/cyfitter_cfg.c **** 		}
 288:Generated_Source\PSoC4/cyfitter_cfg.c **** 
 289:Generated_Source\PSoC4/cyfitter_cfg.c **** 		/* HSIOM Starting address: CYDEV_HSIOM_BASE */
 290:Generated_Source\PSoC4/cyfitter_cfg.c **** 		CY_SET_REG32((void *)(CYDEV_HSIOM_BASE), 0xEE0F0000u);
 374              		.loc 1 290 0 is_stmt 1
 375 012c 214B     		ldr	r3, .L13+8
 376 012e 224A     		ldr	r2, .L13+12
 377 0130 1A60     		str	r2, [r3]
 291:Generated_Source\PSoC4/cyfitter_cfg.c **** 		CY_SET_REG32((void *)(CYREG_HSIOM_PORT_SEL1), 0xF0F00000u);
 378              		.loc 1 291 0
 379 0132 224B     		ldr	r3, .L13+16
 380 0134 224A     		ldr	r2, .L13+20
 381 0136 1A60     		str	r2, [r3]
 292:Generated_Source\PSoC4/cyfitter_cfg.c **** 		CY_SET_REG32((void *)(CYREG_HSIOM_PORT_SEL2), 0x0000000Fu);
 382              		.loc 1 292 0
 383 0138 224B     		ldr	r3, .L13+24
 384 013a 0F22     		movs	r2, #15
 385 013c 1A60     		str	r2, [r3]
 293:Generated_Source\PSoC4/cyfitter_cfg.c **** 
 294:Generated_Source\PSoC4/cyfitter_cfg.c **** 		/* UDB_PA_0 Starting address: CYDEV_UDB_PA0_BASE */
 295:Generated_Source\PSoC4/cyfitter_cfg.c **** 		CY_SET_REG32((void *)(CYDEV_UDB_PA0_BASE), 0x00990000u);
 386              		.loc 1 295 0
 387 013e 224B     		ldr	r3, .L13+28
ARM GAS  C:\Users\freem\AppData\Local\Temp\ccluLPAh.s 			page 13


 388 0140 9922     		movs	r2, #153
 389 0142 1204     		lsls	r2, r2, #16
 390 0144 1A60     		str	r2, [r3]
 296:Generated_Source\PSoC4/cyfitter_cfg.c **** 
 297:Generated_Source\PSoC4/cyfitter_cfg.c **** 		/* UDB_PA_1 Starting address: CYDEV_UDB_PA1_BASE */
 298:Generated_Source\PSoC4/cyfitter_cfg.c **** 		CY_SET_REG32((void *)(CYDEV_UDB_PA1_BASE), 0x00990000u);
 391              		.loc 1 298 0
 392 0146 214B     		ldr	r3, .L13+32
 393 0148 9922     		movs	r2, #153
 394 014a 1204     		lsls	r2, r2, #16
 395 014c 1A60     		str	r2, [r3]
 299:Generated_Source\PSoC4/cyfitter_cfg.c **** 
 300:Generated_Source\PSoC4/cyfitter_cfg.c **** 		/* UDB_PA_2 Starting address: CYDEV_UDB_PA2_BASE */
 301:Generated_Source\PSoC4/cyfitter_cfg.c **** 		CY_SET_REG32((void *)(CYDEV_UDB_PA2_BASE), 0x00990000u);
 396              		.loc 1 301 0
 397 014e 204B     		ldr	r3, .L13+36
 398 0150 9922     		movs	r2, #153
 399 0152 1204     		lsls	r2, r2, #16
 400 0154 1A60     		str	r2, [r3]
 302:Generated_Source\PSoC4/cyfitter_cfg.c **** 
 303:Generated_Source\PSoC4/cyfitter_cfg.c **** 		/* Enable digital routing */
 304:Generated_Source\PSoC4/cyfitter_cfg.c **** 		CY_SET_XTND_REG8((void *)CYREG_UDB_UDBIF_BANK_CTL, (uint8)(CY_GET_XTND_REG8((void *)CYREG_UDB_UDB
 401              		.loc 1 304 0
 402 0156 1F4A     		ldr	r2, .L13+40
 403 0158 1E4B     		ldr	r3, .L13+40
 404 015a 1B78     		ldrb	r3, [r3]
 405 015c DBB2     		uxtb	r3, r3
 406 015e 0621     		movs	r1, #6
 407 0160 0B43     		orrs	r3, r1
 408 0162 DBB2     		uxtb	r3, r3
 409 0164 1370     		strb	r3, [r2]
 410              	.LBE2:
 305:Generated_Source\PSoC4/cyfitter_cfg.c **** 	}
 306:Generated_Source\PSoC4/cyfitter_cfg.c **** 
 307:Generated_Source\PSoC4/cyfitter_cfg.c **** 	/* Perform second pass device configuration. These items must be configured in specific order afte
 308:Generated_Source\PSoC4/cyfitter_cfg.c **** 	/* IOPINS0_0 Starting address: CYDEV_GPIO_PRT0_BASE */
 309:Generated_Source\PSoC4/cyfitter_cfg.c **** 	CY_SET_REG32((void *)(CYDEV_GPIO_PRT0_BASE), 0x00000031u);
 411              		.loc 1 309 0
 412 0166 1C4B     		ldr	r3, .L13+44
 413 0168 3122     		movs	r2, #49
 414 016a 1A60     		str	r2, [r3]
 310:Generated_Source\PSoC4/cyfitter_cfg.c **** 	CY_SET_REG32((void *)(CYREG_GPIO_PRT0_PC), 0x00D96006u);
 415              		.loc 1 310 0
 416 016c 1B4B     		ldr	r3, .L13+48
 417 016e 1C4A     		ldr	r2, .L13+52
 418 0170 1A60     		str	r2, [r3]
 311:Generated_Source\PSoC4/cyfitter_cfg.c **** 	CY_SET_REG32((void *)(CYREG_GPIO_PRT0_PC2), 0x00000010u);
 419              		.loc 1 311 0
 420 0172 1C4B     		ldr	r3, .L13+56
 421 0174 1022     		movs	r2, #16
 422 0176 1A60     		str	r2, [r3]
 312:Generated_Source\PSoC4/cyfitter_cfg.c **** 
 313:Generated_Source\PSoC4/cyfitter_cfg.c **** 	/* IOPINS0_1 Starting address: CYDEV_GPIO_PRT1_BASE */
 314:Generated_Source\PSoC4/cyfitter_cfg.c **** 	CY_SET_REG32((void *)(CYDEV_GPIO_PRT1_BASE), 0x000000C0u);
 423              		.loc 1 314 0
 424 0178 1B4B     		ldr	r3, .L13+60
 425 017a C022     		movs	r2, #192
ARM GAS  C:\Users\freem\AppData\Local\Temp\ccluLPAh.s 			page 14


 426 017c 1A60     		str	r2, [r3]
 315:Generated_Source\PSoC4/cyfitter_cfg.c **** 	CY_SET_REG32((void *)(CYREG_GPIO_PRT1_PC), 0x00D88000u);
 427              		.loc 1 315 0
 428 017e 1B4B     		ldr	r3, .L13+64
 429 0180 1B4A     		ldr	r2, .L13+68
 430 0182 1A60     		str	r2, [r3]
 316:Generated_Source\PSoC4/cyfitter_cfg.c **** 	CY_SET_REG32((void *)(CYREG_GPIO_PRT1_PC2), 0x00000080u);
 431              		.loc 1 316 0
 432 0184 1B4B     		ldr	r3, .L13+72
 433 0186 8022     		movs	r2, #128
 434 0188 1A60     		str	r2, [r3]
 317:Generated_Source\PSoC4/cyfitter_cfg.c **** 
 318:Generated_Source\PSoC4/cyfitter_cfg.c **** 	/* IOPINS0_2 Starting address: CYDEV_GPIO_PRT2_BASE */
 319:Generated_Source\PSoC4/cyfitter_cfg.c **** 	CY_SET_REG32((void *)(CYDEV_GPIO_PRT2_BASE), 0x00000003u);
 435              		.loc 1 319 0
 436 018a 1B4B     		ldr	r3, .L13+76
 437 018c 0322     		movs	r2, #3
 438 018e 1A60     		str	r2, [r3]
 320:Generated_Source\PSoC4/cyfitter_cfg.c **** 	CY_SET_REG32((void *)(CYREG_GPIO_PRT2_PC), 0x00000016u);
 439              		.loc 1 320 0
 440 0190 1A4B     		ldr	r3, .L13+80
 441 0192 1622     		movs	r2, #22
 442 0194 1A60     		str	r2, [r3]
 321:Generated_Source\PSoC4/cyfitter_cfg.c **** 	CY_SET_REG32((void *)(CYREG_GPIO_PRT2_PC2), 0x00000001u);
 443              		.loc 1 321 0
 444 0196 1A4B     		ldr	r3, .L13+84
 445 0198 0122     		movs	r2, #1
 446 019a 1A60     		str	r2, [r3]
 322:Generated_Source\PSoC4/cyfitter_cfg.c **** 
 323:Generated_Source\PSoC4/cyfitter_cfg.c **** 
 324:Generated_Source\PSoC4/cyfitter_cfg.c **** 	/* Setup clocks based on selections from Clock DWR */
 325:Generated_Source\PSoC4/cyfitter_cfg.c **** 	ClockSetup();
 447              		.loc 1 325 0
 448 019c FFF730FF 		bl	ClockSetup
 326:Generated_Source\PSoC4/cyfitter_cfg.c **** 
 327:Generated_Source\PSoC4/cyfitter_cfg.c **** 	/* Perform basic analog initialization to defaults */
 328:Generated_Source\PSoC4/cyfitter_cfg.c **** 	AnalogSetDefault();
 449              		.loc 1 328 0
 450 01a0 FFF7FEFF 		bl	AnalogSetDefault
 329:Generated_Source\PSoC4/cyfitter_cfg.c **** 
 330:Generated_Source\PSoC4/cyfitter_cfg.c **** }
 451              		.loc 1 330 0
 452 01a4 C046     		nop
 453 01a6 BD46     		mov	sp, r7
 454 01a8 02B0     		add	sp, sp, #8
 455              		@ sp needed
 456 01aa 80BD     		pop	{r7, pc}
 457              	.L14:
 458              		.align	2
 459              	.L13:
 460 01ac 6CF02E40 		.word	1076818028
 461 01b0 00000000 		.word	cfg_memset_list.4893
 462 01b4 00000240 		.word	1073872896
 463 01b8 00000FEE 		.word	-301006848
 464 01bc 00010240 		.word	1073873152
 465 01c0 0000F0F0 		.word	-252706816
 466 01c4 00020240 		.word	1073873408
ARM GAS  C:\Users\freem\AppData\Local\Temp\ccluLPAh.s 			page 15


 467 01c8 00500F40 		.word	1074745344
 468 01cc 10500F40 		.word	1074745360
 469 01d0 20500F40 		.word	1074745376
 470 01d4 00700F40 		.word	1074753536
 471 01d8 00000440 		.word	1074003968
 472 01dc 08000440 		.word	1074003976
 473 01e0 0660D900 		.word	14245894
 474 01e4 18000440 		.word	1074003992
 475 01e8 00010440 		.word	1074004224
 476 01ec 08010440 		.word	1074004232
 477 01f0 0080D800 		.word	14188544
 478 01f4 18010440 		.word	1074004248
 479 01f8 00020440 		.word	1074004480
 480 01fc 08020440 		.word	1074004488
 481 0200 18020440 		.word	1074004504
 482              		.cfi_endproc
 483              	.LFE7:
 484              		.size	cyfitter_cfg, .-cyfitter_cfg
 485              		.section	.rodata
 486              		.align	2
 487              		.type	cfg_memset_list.4893, %object
 488              		.size	cfg_memset_list.4893, 12
 489              	cfg_memset_list.4893:
 490 0000 00300F40 		.word	1074737152
 491 0004 0004     		.short	1024
 492 0006 00400F40 		.4byte	1074741248
 493 000a 0004     		.short	1024
 494              		.text
 495              	.Letext0:
 496              		.file 2 "c:\\program files (x86)\\cypress\\psoc creator\\4.4\\psoc creator\\import\\gnu\\arm\\5.4.
 497              		.file 3 "Generated_Source\\PSoC4\\cytypes.h"
 498              		.section	.debug_info,"",%progbits
 499              	.Ldebug_info0:
 500 0000 55020000 		.4byte	0x255
 501 0004 0400     		.2byte	0x4
 502 0006 00000000 		.4byte	.Ldebug_abbrev0
 503 000a 04       		.byte	0x4
 504 000b 01       		.uleb128 0x1
 505 000c 83000000 		.4byte	.LASF30
 506 0010 0C       		.byte	0xc
 507 0011 17020000 		.4byte	.LASF31
 508 0015 33010000 		.4byte	.LASF32
 509 0019 00000000 		.4byte	.Ldebug_ranges0+0
 510 001d 00000000 		.4byte	0
 511 0021 00000000 		.4byte	.Ldebug_line0
 512 0025 02       		.uleb128 0x2
 513 0026 04       		.byte	0x4
 514 0027 05       		.byte	0x5
 515 0028 696E7400 		.ascii	"int\000"
 516 002c 03       		.uleb128 0x3
 517 002d 06000000 		.4byte	.LASF12
 518 0031 02       		.byte	0x2
 519 0032 D8       		.byte	0xd8
 520 0033 37000000 		.4byte	0x37
 521 0037 04       		.uleb128 0x4
 522 0038 04       		.byte	0x4
 523 0039 07       		.byte	0x7
ARM GAS  C:\Users\freem\AppData\Local\Temp\ccluLPAh.s 			page 16


 524 003a 97010000 		.4byte	.LASF0
 525 003e 04       		.uleb128 0x4
 526 003f 08       		.byte	0x8
 527 0040 05       		.byte	0x5
 528 0041 D9010000 		.4byte	.LASF1
 529 0045 04       		.uleb128 0x4
 530 0046 08       		.byte	0x8
 531 0047 04       		.byte	0x4
 532 0048 FF010000 		.4byte	.LASF2
 533 004c 04       		.uleb128 0x4
 534 004d 01       		.byte	0x1
 535 004e 06       		.byte	0x6
 536 004f 0B020000 		.4byte	.LASF3
 537 0053 04       		.uleb128 0x4
 538 0054 01       		.byte	0x1
 539 0055 08       		.byte	0x8
 540 0056 11010000 		.4byte	.LASF4
 541 005a 04       		.uleb128 0x4
 542 005b 02       		.byte	0x2
 543 005c 05       		.byte	0x5
 544 005d EC010000 		.4byte	.LASF5
 545 0061 04       		.uleb128 0x4
 546 0062 02       		.byte	0x2
 547 0063 07       		.byte	0x7
 548 0064 39000000 		.4byte	.LASF6
 549 0068 04       		.uleb128 0x4
 550 0069 04       		.byte	0x4
 551 006a 05       		.byte	0x5
 552 006b F6010000 		.4byte	.LASF7
 553 006f 04       		.uleb128 0x4
 554 0070 04       		.byte	0x4
 555 0071 07       		.byte	0x7
 556 0072 61000000 		.4byte	.LASF8
 557 0076 04       		.uleb128 0x4
 558 0077 08       		.byte	0x8
 559 0078 07       		.byte	0x7
 560 0079 AC010000 		.4byte	.LASF9
 561 007d 04       		.uleb128 0x4
 562 007e 04       		.byte	0x4
 563 007f 07       		.byte	0x7
 564 0080 D0010000 		.4byte	.LASF10
 565 0084 05       		.uleb128 0x5
 566 0085 04       		.byte	0x4
 567 0086 04       		.uleb128 0x4
 568 0087 01       		.byte	0x1
 569 0088 08       		.byte	0x8
 570 0089 E7010000 		.4byte	.LASF11
 571 008d 06       		.uleb128 0x6
 572 008e 73000000 		.4byte	.LASF13
 573 0092 03       		.byte	0x3
 574 0093 FC01     		.2byte	0x1fc
 575 0095 53000000 		.4byte	0x53
 576 0099 06       		.uleb128 0x6
 577 009a 89010000 		.4byte	.LASF14
 578 009e 03       		.byte	0x3
 579 009f FD01     		.2byte	0x1fd
 580 00a1 61000000 		.4byte	0x61
ARM GAS  C:\Users\freem\AppData\Local\Temp\ccluLPAh.s 			page 17


 581 00a5 06       		.uleb128 0x6
 582 00a6 90010000 		.4byte	.LASF15
 583 00aa 03       		.byte	0x3
 584 00ab FE01     		.2byte	0x1fe
 585 00ad 6F000000 		.4byte	0x6f
 586 00b1 04       		.uleb128 0x4
 587 00b2 04       		.byte	0x4
 588 00b3 04       		.byte	0x4
 589 00b4 4C000000 		.4byte	.LASF16
 590 00b8 04       		.uleb128 0x4
 591 00b9 08       		.byte	0x8
 592 00ba 04       		.byte	0x4
 593 00bb 1F010000 		.4byte	.LASF17
 594 00bf 06       		.uleb128 0x6
 595 00c0 5C000000 		.4byte	.LASF18
 596 00c4 03       		.byte	0x3
 597 00c5 A602     		.2byte	0x2a6
 598 00c7 CB000000 		.4byte	0xcb
 599 00cb 07       		.uleb128 0x7
 600 00cc 8D000000 		.4byte	0x8d
 601 00d0 06       		.uleb128 0x6
 602 00d1 00000000 		.4byte	.LASF19
 603 00d5 03       		.byte	0x3
 604 00d6 A802     		.2byte	0x2a8
 605 00d8 DC000000 		.4byte	0xdc
 606 00dc 07       		.uleb128 0x7
 607 00dd A5000000 		.4byte	0xa5
 608 00e1 08       		.uleb128 0x8
 609 00e2 79000000 		.4byte	.LASF20
 610 00e6 01       		.byte	0x1
 611 00e7 4A       		.byte	0x4a
 612 00e8 00000000 		.4byte	.LFB2
 613 00ec 1E000000 		.4byte	.LFE2-.LFB2
 614 00f0 01       		.uleb128 0x1
 615 00f1 9C       		.byte	0x9c
 616 00f2 0F010000 		.4byte	0x10f
 617 00f6 09       		.uleb128 0x9
 618 00f7 7300     		.ascii	"s\000"
 619 00f9 01       		.byte	0x1
 620 00fa 4A       		.byte	0x4a
 621 00fb 84000000 		.4byte	0x84
 622 00ff 02       		.uleb128 0x2
 623 0100 91       		.byte	0x91
 624 0101 74       		.sleb128 -12
 625 0102 09       		.uleb128 0x9
 626 0103 6E00     		.ascii	"n\000"
 627 0105 01       		.byte	0x1
 628 0106 4A       		.byte	0x4a
 629 0107 2C000000 		.4byte	0x2c
 630 010b 02       		.uleb128 0x2
 631 010c 91       		.byte	0x91
 632 010d 70       		.sleb128 -16
 633 010e 00       		.byte	0
 634 010f 08       		.uleb128 0x8
 635 0110 4D020000 		.4byte	.LASF21
 636 0114 01       		.byte	0x1
 637 0115 51       		.byte	0x51
ARM GAS  C:\Users\freem\AppData\Local\Temp\ccluLPAh.s 			page 18


 638 0116 00000000 		.4byte	.LFB3
 639 011a 20000000 		.4byte	.LFE3-.LFB3
 640 011e 01       		.uleb128 0x1
 641 011f 9C       		.byte	0x9c
 642 0120 4D010000 		.4byte	0x14d
 643 0124 0A       		.uleb128 0xa
 644 0125 52000000 		.4byte	.LASF22
 645 0129 01       		.byte	0x1
 646 012a 51       		.byte	0x51
 647 012b 84000000 		.4byte	0x84
 648 012f 02       		.uleb128 0x2
 649 0130 91       		.byte	0x91
 650 0131 74       		.sleb128 -12
 651 0132 09       		.uleb128 0x9
 652 0133 73726300 		.ascii	"src\000"
 653 0137 01       		.byte	0x1
 654 0138 51       		.byte	0x51
 655 0139 4D010000 		.4byte	0x14d
 656 013d 02       		.uleb128 0x2
 657 013e 91       		.byte	0x91
 658 013f 70       		.sleb128 -16
 659 0140 09       		.uleb128 0x9
 660 0141 6E00     		.ascii	"n\000"
 661 0143 01       		.byte	0x1
 662 0144 51       		.byte	0x51
 663 0145 2C000000 		.4byte	0x2c
 664 0149 02       		.uleb128 0x2
 665 014a 91       		.byte	0x91
 666 014b 6C       		.sleb128 -20
 667 014c 00       		.byte	0
 668 014d 0B       		.uleb128 0xb
 669 014e 04       		.byte	0x4
 670 014f 53010000 		.4byte	0x153
 671 0153 0C       		.uleb128 0xc
 672 0154 08       		.uleb128 0x8
 673 0155 3D020000 		.4byte	.LASF23
 674 0159 01       		.byte	0x1
 675 015a 58       		.byte	0x58
 676 015b 00000000 		.4byte	.LFB4
 677 015f 20000000 		.4byte	.LFE4-.LFB4
 678 0163 01       		.uleb128 0x1
 679 0164 9C       		.byte	0x9c
 680 0165 92010000 		.4byte	0x192
 681 0169 0A       		.uleb128 0xa
 682 016a 52000000 		.4byte	.LASF22
 683 016e 01       		.byte	0x1
 684 016f 58       		.byte	0x58
 685 0170 84000000 		.4byte	0x84
 686 0174 02       		.uleb128 0x2
 687 0175 91       		.byte	0x91
 688 0176 74       		.sleb128 -12
 689 0177 09       		.uleb128 0x9
 690 0178 73726300 		.ascii	"src\000"
 691 017c 01       		.byte	0x1
 692 017d 58       		.byte	0x58
 693 017e 4D010000 		.4byte	0x14d
 694 0182 02       		.uleb128 0x2
ARM GAS  C:\Users\freem\AppData\Local\Temp\ccluLPAh.s 			page 19


 695 0183 91       		.byte	0x91
 696 0184 70       		.sleb128 -16
 697 0185 09       		.uleb128 0x9
 698 0186 6E00     		.ascii	"n\000"
 699 0188 01       		.byte	0x1
 700 0189 58       		.byte	0x58
 701 018a 2C000000 		.4byte	0x2c
 702 018e 02       		.uleb128 0x2
 703 018f 91       		.byte	0x91
 704 0190 6C       		.sleb128 -20
 705 0191 00       		.byte	0
 706 0192 0D       		.uleb128 0xd
 707 0193 2E000000 		.4byte	.LASF24
 708 0197 01       		.byte	0x1
 709 0198 AA       		.byte	0xaa
 710 0199 00000000 		.4byte	.LFB5
 711 019d C8000000 		.4byte	.LFE5-.LFB5
 712 01a1 01       		.uleb128 0x1
 713 01a2 9C       		.byte	0x9c
 714 01a3 0E       		.uleb128 0xe
 715 01a4 0D000000 		.4byte	.LASF25
 716 01a8 01       		.byte	0x1
 717 01a9 E9       		.byte	0xe9
 718 01aa 00000000 		.4byte	.LFB6
 719 01ae 28000000 		.4byte	.LFE6-.LFB6
 720 01b2 01       		.uleb128 0x1
 721 01b3 9C       		.byte	0x9c
 722 01b4 0F       		.uleb128 0xf
 723 01b5 26010000 		.4byte	.LASF33
 724 01b9 01       		.byte	0x1
 725 01ba 0401     		.2byte	0x104
 726 01bc C8000000 		.4byte	.LFB7
 727 01c0 3C010000 		.4byte	.LFE7-.LFB7
 728 01c4 01       		.uleb128 0x1
 729 01c5 9C       		.byte	0x9c
 730 01c6 10       		.uleb128 0x10
 731 01c7 D6000000 		.4byte	.LBB2
 732 01cb 90000000 		.4byte	.LBE2-.LBB2
 733 01cf 11       		.uleb128 0x11
 734 01d0 06       		.byte	0x6
 735 01d1 01       		.byte	0x1
 736 01d2 0D01     		.2byte	0x10d
 737 01d4 F3010000 		.4byte	0x1f3
 738 01d8 12       		.uleb128 0x12
 739 01d9 A4010000 		.4byte	.LASF26
 740 01dd 01       		.byte	0x1
 741 01de 0E01     		.2byte	0x10e
 742 01e0 84000000 		.4byte	0x84
 743 01e4 00       		.byte	0
 744 01e5 12       		.uleb128 0x12
 745 01e6 57000000 		.4byte	.LASF27
 746 01ea 01       		.byte	0x1
 747 01eb 0F01     		.2byte	0x10f
 748 01ed 99000000 		.4byte	0x99
 749 01f1 04       		.byte	0x4
 750 01f2 00       		.byte	0
 751 01f3 06       		.uleb128 0x6
ARM GAS  C:\Users\freem\AppData\Local\Temp\ccluLPAh.s 			page 20


 752 01f4 C3010000 		.4byte	.LASF28
 753 01f8 01       		.byte	0x1
 754 01f9 1001     		.2byte	0x110
 755 01fb CF010000 		.4byte	0x1cf
 756 01ff 13       		.uleb128 0x13
 757 0200 0F020000 		.4byte	0x20f
 758 0204 0F020000 		.4byte	0x20f
 759 0208 14       		.uleb128 0x14
 760 0209 7D000000 		.4byte	0x7d
 761 020d 01       		.byte	0x1
 762 020e 00       		.byte	0
 763 020f 15       		.uleb128 0x15
 764 0210 F3010000 		.4byte	0x1f3
 765 0214 16       		.uleb128 0x16
 766 0215 1E000000 		.4byte	.LASF29
 767 0219 01       		.byte	0x1
 768 021a 1201     		.2byte	0x112
 769 021c 26020000 		.4byte	0x226
 770 0220 05       		.uleb128 0x5
 771 0221 03       		.byte	0x3
 772 0222 00000000 		.4byte	cfg_memset_list.4893
 773 0226 15       		.uleb128 0x15
 774 0227 FF010000 		.4byte	0x1ff
 775 022b 17       		.uleb128 0x17
 776 022c 6900     		.ascii	"i\000"
 777 022e 01       		.byte	0x1
 778 022f 1801     		.2byte	0x118
 779 0231 8D000000 		.4byte	0x8d
 780 0235 02       		.uleb128 0x2
 781 0236 91       		.byte	0x91
 782 0237 77       		.sleb128 -9
 783 0238 10       		.uleb128 0x10
 784 0239 DE000000 		.4byte	.LBB3
 785 023d 3C000000 		.4byte	.LBE3-.LBB3
 786 0241 17       		.uleb128 0x17
 787 0242 6D7300   		.ascii	"ms\000"
 788 0245 01       		.byte	0x1
 789 0246 1D01     		.2byte	0x11d
 790 0248 4F020000 		.4byte	0x24f
 791 024c 02       		.uleb128 0x2
 792 024d 91       		.byte	0x91
 793 024e 70       		.sleb128 -16
 794 024f 0B       		.uleb128 0xb
 795 0250 04       		.byte	0x4
 796 0251 0F020000 		.4byte	0x20f
 797 0255 00       		.byte	0
 798 0256 00       		.byte	0
 799 0257 00       		.byte	0
 800 0258 00       		.byte	0
 801              		.section	.debug_abbrev,"",%progbits
 802              	.Ldebug_abbrev0:
 803 0000 01       		.uleb128 0x1
 804 0001 11       		.uleb128 0x11
 805 0002 01       		.byte	0x1
 806 0003 25       		.uleb128 0x25
 807 0004 0E       		.uleb128 0xe
 808 0005 13       		.uleb128 0x13
ARM GAS  C:\Users\freem\AppData\Local\Temp\ccluLPAh.s 			page 21


 809 0006 0B       		.uleb128 0xb
 810 0007 03       		.uleb128 0x3
 811 0008 0E       		.uleb128 0xe
 812 0009 1B       		.uleb128 0x1b
 813 000a 0E       		.uleb128 0xe
 814 000b 55       		.uleb128 0x55
 815 000c 17       		.uleb128 0x17
 816 000d 11       		.uleb128 0x11
 817 000e 01       		.uleb128 0x1
 818 000f 10       		.uleb128 0x10
 819 0010 17       		.uleb128 0x17
 820 0011 00       		.byte	0
 821 0012 00       		.byte	0
 822 0013 02       		.uleb128 0x2
 823 0014 24       		.uleb128 0x24
 824 0015 00       		.byte	0
 825 0016 0B       		.uleb128 0xb
 826 0017 0B       		.uleb128 0xb
 827 0018 3E       		.uleb128 0x3e
 828 0019 0B       		.uleb128 0xb
 829 001a 03       		.uleb128 0x3
 830 001b 08       		.uleb128 0x8
 831 001c 00       		.byte	0
 832 001d 00       		.byte	0
 833 001e 03       		.uleb128 0x3
 834 001f 16       		.uleb128 0x16
 835 0020 00       		.byte	0
 836 0021 03       		.uleb128 0x3
 837 0022 0E       		.uleb128 0xe
 838 0023 3A       		.uleb128 0x3a
 839 0024 0B       		.uleb128 0xb
 840 0025 3B       		.uleb128 0x3b
 841 0026 0B       		.uleb128 0xb
 842 0027 49       		.uleb128 0x49
 843 0028 13       		.uleb128 0x13
 844 0029 00       		.byte	0
 845 002a 00       		.byte	0
 846 002b 04       		.uleb128 0x4
 847 002c 24       		.uleb128 0x24
 848 002d 00       		.byte	0
 849 002e 0B       		.uleb128 0xb
 850 002f 0B       		.uleb128 0xb
 851 0030 3E       		.uleb128 0x3e
 852 0031 0B       		.uleb128 0xb
 853 0032 03       		.uleb128 0x3
 854 0033 0E       		.uleb128 0xe
 855 0034 00       		.byte	0
 856 0035 00       		.byte	0
 857 0036 05       		.uleb128 0x5
 858 0037 0F       		.uleb128 0xf
 859 0038 00       		.byte	0
 860 0039 0B       		.uleb128 0xb
 861 003a 0B       		.uleb128 0xb
 862 003b 00       		.byte	0
 863 003c 00       		.byte	0
 864 003d 06       		.uleb128 0x6
 865 003e 16       		.uleb128 0x16
ARM GAS  C:\Users\freem\AppData\Local\Temp\ccluLPAh.s 			page 22


 866 003f 00       		.byte	0
 867 0040 03       		.uleb128 0x3
 868 0041 0E       		.uleb128 0xe
 869 0042 3A       		.uleb128 0x3a
 870 0043 0B       		.uleb128 0xb
 871 0044 3B       		.uleb128 0x3b
 872 0045 05       		.uleb128 0x5
 873 0046 49       		.uleb128 0x49
 874 0047 13       		.uleb128 0x13
 875 0048 00       		.byte	0
 876 0049 00       		.byte	0
 877 004a 07       		.uleb128 0x7
 878 004b 35       		.uleb128 0x35
 879 004c 00       		.byte	0
 880 004d 49       		.uleb128 0x49
 881 004e 13       		.uleb128 0x13
 882 004f 00       		.byte	0
 883 0050 00       		.byte	0
 884 0051 08       		.uleb128 0x8
 885 0052 2E       		.uleb128 0x2e
 886 0053 01       		.byte	0x1
 887 0054 03       		.uleb128 0x3
 888 0055 0E       		.uleb128 0xe
 889 0056 3A       		.uleb128 0x3a
 890 0057 0B       		.uleb128 0xb
 891 0058 3B       		.uleb128 0x3b
 892 0059 0B       		.uleb128 0xb
 893 005a 27       		.uleb128 0x27
 894 005b 19       		.uleb128 0x19
 895 005c 11       		.uleb128 0x11
 896 005d 01       		.uleb128 0x1
 897 005e 12       		.uleb128 0x12
 898 005f 06       		.uleb128 0x6
 899 0060 40       		.uleb128 0x40
 900 0061 18       		.uleb128 0x18
 901 0062 9642     		.uleb128 0x2116
 902 0064 19       		.uleb128 0x19
 903 0065 01       		.uleb128 0x1
 904 0066 13       		.uleb128 0x13
 905 0067 00       		.byte	0
 906 0068 00       		.byte	0
 907 0069 09       		.uleb128 0x9
 908 006a 05       		.uleb128 0x5
 909 006b 00       		.byte	0
 910 006c 03       		.uleb128 0x3
 911 006d 08       		.uleb128 0x8
 912 006e 3A       		.uleb128 0x3a
 913 006f 0B       		.uleb128 0xb
 914 0070 3B       		.uleb128 0x3b
 915 0071 0B       		.uleb128 0xb
 916 0072 49       		.uleb128 0x49
 917 0073 13       		.uleb128 0x13
 918 0074 02       		.uleb128 0x2
 919 0075 18       		.uleb128 0x18
 920 0076 00       		.byte	0
 921 0077 00       		.byte	0
 922 0078 0A       		.uleb128 0xa
ARM GAS  C:\Users\freem\AppData\Local\Temp\ccluLPAh.s 			page 23


 923 0079 05       		.uleb128 0x5
 924 007a 00       		.byte	0
 925 007b 03       		.uleb128 0x3
 926 007c 0E       		.uleb128 0xe
 927 007d 3A       		.uleb128 0x3a
 928 007e 0B       		.uleb128 0xb
 929 007f 3B       		.uleb128 0x3b
 930 0080 0B       		.uleb128 0xb
 931 0081 49       		.uleb128 0x49
 932 0082 13       		.uleb128 0x13
 933 0083 02       		.uleb128 0x2
 934 0084 18       		.uleb128 0x18
 935 0085 00       		.byte	0
 936 0086 00       		.byte	0
 937 0087 0B       		.uleb128 0xb
 938 0088 0F       		.uleb128 0xf
 939 0089 00       		.byte	0
 940 008a 0B       		.uleb128 0xb
 941 008b 0B       		.uleb128 0xb
 942 008c 49       		.uleb128 0x49
 943 008d 13       		.uleb128 0x13
 944 008e 00       		.byte	0
 945 008f 00       		.byte	0
 946 0090 0C       		.uleb128 0xc
 947 0091 26       		.uleb128 0x26
 948 0092 00       		.byte	0
 949 0093 00       		.byte	0
 950 0094 00       		.byte	0
 951 0095 0D       		.uleb128 0xd
 952 0096 2E       		.uleb128 0x2e
 953 0097 00       		.byte	0
 954 0098 03       		.uleb128 0x3
 955 0099 0E       		.uleb128 0xe
 956 009a 3A       		.uleb128 0x3a
 957 009b 0B       		.uleb128 0xb
 958 009c 3B       		.uleb128 0x3b
 959 009d 0B       		.uleb128 0xb
 960 009e 27       		.uleb128 0x27
 961 009f 19       		.uleb128 0x19
 962 00a0 11       		.uleb128 0x11
 963 00a1 01       		.uleb128 0x1
 964 00a2 12       		.uleb128 0x12
 965 00a3 06       		.uleb128 0x6
 966 00a4 40       		.uleb128 0x40
 967 00a5 18       		.uleb128 0x18
 968 00a6 9642     		.uleb128 0x2116
 969 00a8 19       		.uleb128 0x19
 970 00a9 00       		.byte	0
 971 00aa 00       		.byte	0
 972 00ab 0E       		.uleb128 0xe
 973 00ac 2E       		.uleb128 0x2e
 974 00ad 00       		.byte	0
 975 00ae 03       		.uleb128 0x3
 976 00af 0E       		.uleb128 0xe
 977 00b0 3A       		.uleb128 0x3a
 978 00b1 0B       		.uleb128 0xb
 979 00b2 3B       		.uleb128 0x3b
ARM GAS  C:\Users\freem\AppData\Local\Temp\ccluLPAh.s 			page 24


 980 00b3 0B       		.uleb128 0xb
 981 00b4 27       		.uleb128 0x27
 982 00b5 19       		.uleb128 0x19
 983 00b6 11       		.uleb128 0x11
 984 00b7 01       		.uleb128 0x1
 985 00b8 12       		.uleb128 0x12
 986 00b9 06       		.uleb128 0x6
 987 00ba 40       		.uleb128 0x40
 988 00bb 18       		.uleb128 0x18
 989 00bc 9742     		.uleb128 0x2117
 990 00be 19       		.uleb128 0x19
 991 00bf 00       		.byte	0
 992 00c0 00       		.byte	0
 993 00c1 0F       		.uleb128 0xf
 994 00c2 2E       		.uleb128 0x2e
 995 00c3 01       		.byte	0x1
 996 00c4 3F       		.uleb128 0x3f
 997 00c5 19       		.uleb128 0x19
 998 00c6 03       		.uleb128 0x3
 999 00c7 0E       		.uleb128 0xe
 1000 00c8 3A       		.uleb128 0x3a
 1001 00c9 0B       		.uleb128 0xb
 1002 00ca 3B       		.uleb128 0x3b
 1003 00cb 05       		.uleb128 0x5
 1004 00cc 27       		.uleb128 0x27
 1005 00cd 19       		.uleb128 0x19
 1006 00ce 11       		.uleb128 0x11
 1007 00cf 01       		.uleb128 0x1
 1008 00d0 12       		.uleb128 0x12
 1009 00d1 06       		.uleb128 0x6
 1010 00d2 40       		.uleb128 0x40
 1011 00d3 18       		.uleb128 0x18
 1012 00d4 9642     		.uleb128 0x2116
 1013 00d6 19       		.uleb128 0x19
 1014 00d7 00       		.byte	0
 1015 00d8 00       		.byte	0
 1016 00d9 10       		.uleb128 0x10
 1017 00da 0B       		.uleb128 0xb
 1018 00db 01       		.byte	0x1
 1019 00dc 11       		.uleb128 0x11
 1020 00dd 01       		.uleb128 0x1
 1021 00de 12       		.uleb128 0x12
 1022 00df 06       		.uleb128 0x6
 1023 00e0 00       		.byte	0
 1024 00e1 00       		.byte	0
 1025 00e2 11       		.uleb128 0x11
 1026 00e3 13       		.uleb128 0x13
 1027 00e4 01       		.byte	0x1
 1028 00e5 0B       		.uleb128 0xb
 1029 00e6 0B       		.uleb128 0xb
 1030 00e7 3A       		.uleb128 0x3a
 1031 00e8 0B       		.uleb128 0xb
 1032 00e9 3B       		.uleb128 0x3b
 1033 00ea 05       		.uleb128 0x5
 1034 00eb 01       		.uleb128 0x1
 1035 00ec 13       		.uleb128 0x13
 1036 00ed 00       		.byte	0
ARM GAS  C:\Users\freem\AppData\Local\Temp\ccluLPAh.s 			page 25


 1037 00ee 00       		.byte	0
 1038 00ef 12       		.uleb128 0x12
 1039 00f0 0D       		.uleb128 0xd
 1040 00f1 00       		.byte	0
 1041 00f2 03       		.uleb128 0x3
 1042 00f3 0E       		.uleb128 0xe
 1043 00f4 3A       		.uleb128 0x3a
 1044 00f5 0B       		.uleb128 0xb
 1045 00f6 3B       		.uleb128 0x3b
 1046 00f7 05       		.uleb128 0x5
 1047 00f8 49       		.uleb128 0x49
 1048 00f9 13       		.uleb128 0x13
 1049 00fa 38       		.uleb128 0x38
 1050 00fb 0B       		.uleb128 0xb
 1051 00fc 00       		.byte	0
 1052 00fd 00       		.byte	0
 1053 00fe 13       		.uleb128 0x13
 1054 00ff 01       		.uleb128 0x1
 1055 0100 01       		.byte	0x1
 1056 0101 49       		.uleb128 0x49
 1057 0102 13       		.uleb128 0x13
 1058 0103 01       		.uleb128 0x1
 1059 0104 13       		.uleb128 0x13
 1060 0105 00       		.byte	0
 1061 0106 00       		.byte	0
 1062 0107 14       		.uleb128 0x14
 1063 0108 21       		.uleb128 0x21
 1064 0109 00       		.byte	0
 1065 010a 49       		.uleb128 0x49
 1066 010b 13       		.uleb128 0x13
 1067 010c 2F       		.uleb128 0x2f
 1068 010d 0B       		.uleb128 0xb
 1069 010e 00       		.byte	0
 1070 010f 00       		.byte	0
 1071 0110 15       		.uleb128 0x15
 1072 0111 26       		.uleb128 0x26
 1073 0112 00       		.byte	0
 1074 0113 49       		.uleb128 0x49
 1075 0114 13       		.uleb128 0x13
 1076 0115 00       		.byte	0
 1077 0116 00       		.byte	0
 1078 0117 16       		.uleb128 0x16
 1079 0118 34       		.uleb128 0x34
 1080 0119 00       		.byte	0
 1081 011a 03       		.uleb128 0x3
 1082 011b 0E       		.uleb128 0xe
 1083 011c 3A       		.uleb128 0x3a
 1084 011d 0B       		.uleb128 0xb
 1085 011e 3B       		.uleb128 0x3b
 1086 011f 05       		.uleb128 0x5
 1087 0120 49       		.uleb128 0x49
 1088 0121 13       		.uleb128 0x13
 1089 0122 02       		.uleb128 0x2
 1090 0123 18       		.uleb128 0x18
 1091 0124 00       		.byte	0
 1092 0125 00       		.byte	0
 1093 0126 17       		.uleb128 0x17
ARM GAS  C:\Users\freem\AppData\Local\Temp\ccluLPAh.s 			page 26


 1094 0127 34       		.uleb128 0x34
 1095 0128 00       		.byte	0
 1096 0129 03       		.uleb128 0x3
 1097 012a 08       		.uleb128 0x8
 1098 012b 3A       		.uleb128 0x3a
 1099 012c 0B       		.uleb128 0xb
 1100 012d 3B       		.uleb128 0x3b
 1101 012e 05       		.uleb128 0x5
 1102 012f 49       		.uleb128 0x49
 1103 0130 13       		.uleb128 0x13
 1104 0131 02       		.uleb128 0x2
 1105 0132 18       		.uleb128 0x18
 1106 0133 00       		.byte	0
 1107 0134 00       		.byte	0
 1108 0135 00       		.byte	0
 1109              		.section	.debug_aranges,"",%progbits
 1110 0000 44000000 		.4byte	0x44
 1111 0004 0200     		.2byte	0x2
 1112 0006 00000000 		.4byte	.Ldebug_info0
 1113 000a 04       		.byte	0x4
 1114 000b 00       		.byte	0
 1115 000c 0000     		.2byte	0
 1116 000e 0000     		.2byte	0
 1117 0010 00000000 		.4byte	.LFB2
 1118 0014 1E000000 		.4byte	.LFE2-.LFB2
 1119 0018 00000000 		.4byte	.LFB3
 1120 001c 20000000 		.4byte	.LFE3-.LFB3
 1121 0020 00000000 		.4byte	.LFB4
 1122 0024 20000000 		.4byte	.LFE4-.LFB4
 1123 0028 00000000 		.4byte	.LFB5
 1124 002c C8000000 		.4byte	.LFE5-.LFB5
 1125 0030 00000000 		.4byte	.LFB6
 1126 0034 28000000 		.4byte	.LFE6-.LFB6
 1127 0038 C8000000 		.4byte	.LFB7
 1128 003c 3C010000 		.4byte	.LFE7-.LFB7
 1129 0040 00000000 		.4byte	0
 1130 0044 00000000 		.4byte	0
 1131              		.section	.debug_ranges,"",%progbits
 1132              	.Ldebug_ranges0:
 1133 0000 00000000 		.4byte	.LFB2
 1134 0004 1E000000 		.4byte	.LFE2
 1135 0008 00000000 		.4byte	.LFB3
 1136 000c 20000000 		.4byte	.LFE3
 1137 0010 00000000 		.4byte	.LFB4
 1138 0014 20000000 		.4byte	.LFE4
 1139 0018 00000000 		.4byte	.LFB5
 1140 001c C8000000 		.4byte	.LFE5
 1141 0020 00000000 		.4byte	.LFB6
 1142 0024 28000000 		.4byte	.LFE6
 1143 0028 C8000000 		.4byte	.LFB7
 1144 002c 04020000 		.4byte	.LFE7
 1145 0030 00000000 		.4byte	0
 1146 0034 00000000 		.4byte	0
 1147              		.section	.debug_line,"",%progbits
 1148              	.Ldebug_line0:
 1149 0000 71010000 		.section	.debug_str,"MS",%progbits,1
 1149      0200CB00 
ARM GAS  C:\Users\freem\AppData\Local\Temp\ccluLPAh.s 			page 27


 1149      00000201 
 1149      FB0E0D00 
 1149      01010101 
 1150              	.LASF19:
 1151 0000 72656733 		.ascii	"reg32\000"
 1151      3200
 1152              	.LASF12:
 1153 0006 73697A65 		.ascii	"size_t\000"
 1153      5F7400
 1154              	.LASF25:
 1155 000d 416E616C 		.ascii	"AnalogSetDefault\000"
 1155      6F675365 
 1155      74446566 
 1155      61756C74 
 1155      00
 1156              	.LASF29:
 1157 001e 6366675F 		.ascii	"cfg_memset_list\000"
 1157      6D656D73 
 1157      65745F6C 
 1157      69737400 
 1158              	.LASF24:
 1159 002e 436C6F63 		.ascii	"ClockSetup\000"
 1159      6B536574 
 1159      757000
 1160              	.LASF6:
 1161 0039 73686F72 		.ascii	"short unsigned int\000"
 1161      7420756E 
 1161      7369676E 
 1161      65642069 
 1161      6E7400
 1162              	.LASF16:
 1163 004c 666C6F61 		.ascii	"float\000"
 1163      7400
 1164              	.LASF22:
 1165 0052 64657374 		.ascii	"dest\000"
 1165      00
 1166              	.LASF27:
 1167 0057 73697A65 		.ascii	"size\000"
 1167      00
 1168              	.LASF18:
 1169 005c 72656738 		.ascii	"reg8\000"
 1169      00
 1170              	.LASF8:
 1171 0061 6C6F6E67 		.ascii	"long unsigned int\000"
 1171      20756E73 
 1171      69676E65 
 1171      6420696E 
 1171      7400
 1172              	.LASF13:
 1173 0073 75696E74 		.ascii	"uint8\000"
 1173      3800
 1174              	.LASF20:
 1175 0079 43594D45 		.ascii	"CYMEMZERO\000"
 1175      4D5A4552 
 1175      4F00
 1176              	.LASF30:
 1177 0083 474E5520 		.ascii	"GNU C11 5.4.1 20160609 (release) [ARM/embedded-5-br"
ARM GAS  C:\Users\freem\AppData\Local\Temp\ccluLPAh.s 			page 28


 1177      43313120 
 1177      352E342E 
 1177      31203230 
 1177      31363036 
 1178 00b6 616E6368 		.ascii	"anch revision 237715] -mcpu=cortex-m0 -mthumb -g -O"
 1178      20726576 
 1178      6973696F 
 1178      6E203233 
 1178      37373135 
 1179 00e9 30202D66 		.ascii	"0 -ffunction-sections -ffat-lto-objects\000"
 1179      66756E63 
 1179      74696F6E 
 1179      2D736563 
 1179      74696F6E 
 1180              	.LASF4:
 1181 0111 756E7369 		.ascii	"unsigned char\000"
 1181      676E6564 
 1181      20636861 
 1181      7200
 1182              	.LASF17:
 1183 011f 646F7562 		.ascii	"double\000"
 1183      6C6500
 1184              	.LASF33:
 1185 0126 63796669 		.ascii	"cyfitter_cfg\000"
 1185      74746572 
 1185      5F636667 
 1185      00
 1186              	.LASF32:
 1187 0133 433A5C55 		.ascii	"C:\\Users\\freem\\OneDrive\\Documents\\ECE\\ECE 405"
 1187      73657273 
 1187      5C667265 
 1187      656D5C4F 
 1187      6E654472 
 1188 0160 5F343036 		.ascii	"_406\\SD_Card_Interface\\SDCard_Demo.cydsn\000"
 1188      5C53445F 
 1188      43617264 
 1188      5F496E74 
 1188      65726661 
 1189              	.LASF14:
 1190 0189 75696E74 		.ascii	"uint16\000"
 1190      313600
 1191              	.LASF15:
 1192 0190 75696E74 		.ascii	"uint32\000"
 1192      333200
 1193              	.LASF0:
 1194 0197 756E7369 		.ascii	"unsigned int\000"
 1194      676E6564 
 1194      20696E74 
 1194      00
 1195              	.LASF26:
 1196 01a4 61646472 		.ascii	"address\000"
 1196      65737300 
 1197              	.LASF9:
 1198 01ac 6C6F6E67 		.ascii	"long long unsigned int\000"
 1198      206C6F6E 
 1198      6720756E 
 1198      7369676E 
ARM GAS  C:\Users\freem\AppData\Local\Temp\ccluLPAh.s 			page 29


 1198      65642069 
 1199              	.LASF28:
 1200 01c3 6366675F 		.ascii	"cfg_memset_t\000"
 1200      6D656D73 
 1200      65745F74 
 1200      00
 1201              	.LASF10:
 1202 01d0 73697A65 		.ascii	"sizetype\000"
 1202      74797065 
 1202      00
 1203              	.LASF1:
 1204 01d9 6C6F6E67 		.ascii	"long long int\000"
 1204      206C6F6E 
 1204      6720696E 
 1204      7400
 1205              	.LASF11:
 1206 01e7 63686172 		.ascii	"char\000"
 1206      00
 1207              	.LASF5:
 1208 01ec 73686F72 		.ascii	"short int\000"
 1208      7420696E 
 1208      7400
 1209              	.LASF7:
 1210 01f6 6C6F6E67 		.ascii	"long int\000"
 1210      20696E74 
 1210      00
 1211              	.LASF2:
 1212 01ff 6C6F6E67 		.ascii	"long double\000"
 1212      20646F75 
 1212      626C6500 
 1213              	.LASF3:
 1214 020b 7369676E 		.ascii	"signed char\000"
 1214      65642063 
 1214      68617200 
 1215              	.LASF31:
 1216 0217 47656E65 		.ascii	"Generated_Source\\PSoC4\\cyfitter_cfg.c\000"
 1216      72617465 
 1216      645F536F 
 1216      75726365 
 1216      5C50536F 
 1217              	.LASF23:
 1218 023d 4359434F 		.ascii	"CYCONFIGCPYCODE\000"
 1218      4E464947 
 1218      43505943 
 1218      4F444500 
 1219              	.LASF21:
 1220 024d 4359434F 		.ascii	"CYCONFIGCPY\000"
 1220      4E464947 
 1220      43505900 
 1221              		.ident	"GCC: (GNU Tools for ARM Embedded Processors) 5.4.1 20160609 (release) [ARM/embedded-5-bran
