Archive member included to satisfy reference by file (symbol)

.\CortexM0\ARM_GCC_541\Debug\SDCard_Demo.a(SDCard_SPI.o)
                              .\CortexM0\ARM_GCC_541\Debug\main.o (SDCard_Select)
.\CortexM0\ARM_GCC_541\Debug\SDCard_Demo.a(SDCard_FS.o)
                              .\CortexM0\ARM_GCC_541\Debug\main.o (SDCard_Start)
.\CortexM0\ARM_GCC_541\Debug\SDCard_Demo.a(SDCard_SPIM.o)
                              .\CortexM0\ARM_GCC_541\Debug\SDCard_Demo.a(SDCard_SPI.o) (SDCard_SPIM_Start)
.\CortexM0\ARM_GCC_541\Debug\SDCard_Demo.a(SDCard_SPIM_SPI_UART.o)
                              .\CortexM0\ARM_GCC_541\Debug\SDCard_Demo.a(SDCard_SPI.o) (SDCard_SPIM_SpiUartReadRxData)
.\CortexM0\ARM_GCC_541\Debug\SDCard_Demo.a(SDCard_SPIM_SPI.o)
                              .\CortexM0\ARM_GCC_541\Debug\SDCard_Demo.a(SDCard_SPIM.o) (SDCard_SPIM_SpiInit)
.\CortexM0\ARM_GCC_541\Debug\SDCard_Demo.a(SDCard_SD_Clock.o)
                              .\CortexM0\ARM_GCC_541\Debug\SDCard_Demo.a(SDCard_SPI.o) (SDCard_SD_Clock_SetFractionalDividerRegister)
.\CortexM0\ARM_GCC_541\Debug\SDCard_Demo.a(SDCard_SD_PWR.o)
                              .\CortexM0\ARM_GCC_541\Debug\SDCard_Demo.a(SDCard_SPI.o) (SDCard_SD_PWR_Write)
.\CortexM0\ARM_GCC_541\Debug\SDCard_Demo.a(SDCard_SD_CS.o)
                              .\CortexM0\ARM_GCC_541\Debug\SDCard_Demo.a(SDCard_SPI.o) (SDCard_SD_CS_Write)
.\CortexM0\ARM_GCC_541\Debug\SDCard_Demo.a(SDCard_SD_WP.o)
                              .\CortexM0\ARM_GCC_541\Debug\SDCard_Demo.a(SDCard_FS.o) (SDCard_SD_WP_Read)
.\CortexM0\ARM_GCC_541\Debug\SDCard_Demo.a(SDCard_SD_CD.o)
                              .\CortexM0\ARM_GCC_541\Debug\SDCard_Demo.a(SDCard_FS.o) (SDCard_SD_CD_Read)
.\CortexM0\ARM_GCC_541\Debug\SDCard_Demo.a(SDCard_SPIM_ss0_m.o)
                              .\CortexM0\ARM_GCC_541\Debug\SDCard_Demo.a(SDCard_SPIM_SPI.o) (SDCard_SPIM_ss0_m_Write)
.\CortexM0\ARM_GCC_541\Debug\SDCard_Demo.a(SDCard_SPIM_sclk_m.o)
                              .\CortexM0\ARM_GCC_541\Debug\SDCard_Demo.a(SDCard_SPIM_SPI.o) (SDCard_SPIM_sclk_m_Write)
.\CortexM0\ARM_GCC_541\Debug\SDCard_Demo.a(CyLib.o)
                              .\CortexM0\ARM_GCC_541\Debug\cyfitter_cfg.o (CySysClkWriteImoFreq)
.\CortexM0\ARM_GCC_541\Debug\SDCard_Demo.a(CyLFClk.o)
                              .\CortexM0\ARM_GCC_541\Debug\cyfitter_cfg.o (CySysClkWcoStart)
.\CortexM0\ARM_GCC_541\Debug\SDCard_Demo.a(CyBootAsmGnu.o)
                              .\CortexM0\ARM_GCC_541\Debug\SDCard_Demo.a(CyLib.o) (CyDelayCycles)
.\CortexM0\ARM_GCC_541\Debug\SDCard_Demo.a(SDCard_SPIM_SPI_UART_INT.o)
                              .\CortexM0\ARM_GCC_541\Debug\SDCard_Demo.a(SDCard_SPIM_SPI.o) (SDCard_SPIM_SPI_UART_ISR)
c:/program files (x86)/cypress/psoc creator/4.4/psoc creator/import/gnu/arm/5.4.1/bin/../lib/gcc/arm-none-eabi/5.4.1/armv6-m\libgcc.a(_udivsi3.o)
                              .\CortexM0\ARM_GCC_541\Debug\SDCard_Demo.a(SDCard_FS.o) (__aeabi_uidiv)
c:/program files (x86)/cypress/psoc creator/4.4/psoc creator/import/gnu/arm/5.4.1/bin/../lib/gcc/arm-none-eabi/5.4.1/armv6-m\libgcc.a(_divsi3.o)
                              .\CortexM0\ARM_GCC_541\Debug\SDCard_Demo.a(CyLFClk.o) (__aeabi_idiv)
c:/program files (x86)/cypress/psoc creator/4.4/psoc creator/import/gnu/arm/5.4.1/bin/../lib/gcc/arm-none-eabi/5.4.1/armv6-m\libgcc.a(_dvmd_tls.o)
                              c:/program files (x86)/cypress/psoc creator/4.4/psoc creator/import/gnu/arm/5.4.1/bin/../lib/gcc/arm-none-eabi/5.4.1/armv6-m\libgcc.a(_udivsi3.o) (__aeabi_idiv0)
c:/program files (x86)/cypress/psoc creator/4.4/psoc creator/import/gnu/arm/5.4.1/bin/../lib/gcc/arm-none-eabi/5.4.1/../../../../arm-none-eabi/lib/armv6-m\libg_nano.a(lib_a-errno.o)
                              .\CortexM0\ARM_GCC_541\Debug\Cm0Start.o (__errno)
c:/program files (x86)/cypress/psoc creator/4.4/psoc creator/import/gnu/arm/5.4.1/bin/../lib/gcc/arm-none-eabi/5.4.1/../../../../arm-none-eabi/lib/armv6-m\libg_nano.a(lib_a-exit.o)
                              c:/program files (x86)/cypress/psoc creator/4.4/psoc creator/import/gnu/arm/5.4.1/bin/../lib/gcc/arm-none-eabi/5.4.1/../../../../arm-none-eabi/lib/armv6-m/crt0.o (exit)
c:/program files (x86)/cypress/psoc creator/4.4/psoc creator/import/gnu/arm/5.4.1/bin/../lib/gcc/arm-none-eabi/5.4.1/../../../../arm-none-eabi/lib/armv6-m\libg_nano.a(lib_a-impure.o)
                              c:/program files (x86)/cypress/psoc creator/4.4/psoc creator/import/gnu/arm/5.4.1/bin/../lib/gcc/arm-none-eabi/5.4.1/../../../../arm-none-eabi/lib/armv6-m\libg_nano.a(lib_a-exit.o) (_global_impure_ptr)
c:/program files (x86)/cypress/psoc creator/4.4/psoc creator/import/gnu/arm/5.4.1/bin/../lib/gcc/arm-none-eabi/5.4.1/../../../../arm-none-eabi/lib/armv6-m\libg_nano.a(lib_a-init.o)
[...]
Memory Configuration

Name             Origin             Length             Attributes
rom              0x00000000         0x00040000         xr
ram              0x20000000         0x00008000         xrw
*default*        0x00000000         0xffffffff

Linker script and memory map

LOAD c:/program files (x86)/cypress/psoc creator/4.4/psoc creator/import/gnu/arm/5.4.1/bin/../lib/gcc/arm-none-eabi/5.4.1/armv6-m/crti.o
LOAD c:/program files (x86)/cypress/psoc creator/4.4/psoc creator/import/gnu/arm/5.4.1/bin/../lib/gcc/arm-none-eabi/5.4.1/armv6-m/crtbegin.o
LOAD c:/program files (x86)/cypress/psoc creator/4.4/psoc creator/import/gnu/arm/5.4.1/bin/../lib/gcc/arm-none-eabi/5.4.1/../../../../arm-none-eabi/lib/armv6-m/crt0.o
START GROUP
LOAD .\CortexM0\ARM_GCC_541\Debug\main.o
LOAD .\CortexM0\ARM_GCC_541\Debug\cyfitter_cfg.o
LOAD .\CortexM0\ARM_GCC_541\Debug\Cm0Start.o
LOAD .\CortexM0\ARM_GCC_541\Debug\cymetadata.o
LOAD .\CortexM0\ARM_GCC_541\Debug\SDCard_Demo.a
END GROUP
START GROUP
LOAD c:/program files (x86)/cypress/psoc creator/4.4/psoc creator/import/gnu/arm/5.4.1/bin/../lib/gcc/arm-none-eabi/5.4.1/armv6-m\libgcc.a
LOAD c:/program files (x86)/cypress/psoc creator/4.4/psoc creator/import/gnu/arm/5.4.1/bin/../lib/gcc/arm-none-eabi/5.4.1/../../../../arm-none-eabi/lib/armv6-m\libg_nano.a
LOAD c:/program files (x86)/cypress/psoc creator/4.4/psoc creator/import/gnu/arm/5.4.1/bin/../lib/gcc/arm-none-eabi/5.4.1/../../../../arm-none-eabi/lib/armv6-m\libc_nano.a
END GROUP
START GROUP
LOAD c:/program files (x86)/cypress/psoc creator/4.4/psoc creator/import/gnu/arm/5.4.1/bin/../lib/gcc/arm-none-eabi/5.4.1/armv6-m\libgcc.a
LOAD c:/program files (x86)/cypress/psoc creator/4.4/psoc creator/import/gnu/arm/5.4.1/bin/../lib/gcc/arm-none-eabi/5.4.1/../../../../arm-none-eabi/lib/armv6-m\libc_nano.a
END GROUP
LOAD c:/program files (x86)/cypress/psoc creator/4.4/psoc creator/import/gnu/arm/5.4.1/bin/../lib/gcc/arm-none-eabi/5.4.1/armv6-m/crtend.o
LOAD c:/program files (x86)/cypress/psoc creator/4.4/psoc creator/import/gnu/arm/5.4.1/bin/../lib/gcc/arm-none-eabi/5.4.1/armv6-m/crtn.o
START GROUP
LOAD c:/program files (x86)/cypress/psoc creator/4.4/psoc creator/import/gnu/arm/5.4.1/bin/../lib/gcc/arm-none-eabi/5.4.1/armv6-m\libgcc.a
LOAD c:/program files (x86)/cypress/psoc creator/4.4/psoc creator/import/gnu/arm/5.4.1/bin/../lib/gcc/arm-none-eabi/5.4.1/../../../../arm-none-eabi/lib/armv6-m\libc.a
LOAD c:/program files (x86)/cypress/psoc creator/4.4/psoc creator/import/gnu/arm/5.4.1/bin/../lib/gcc/arm-none-eabi/5.4.1/../../../../arm-none-eabi/lib/armv6-m\libnosys.a
END GROUP
                0x00000000                CY_APPL_ORIGIN = 0x0
                0x00000100                CY_FLASH_ROW_SIZE = 0x100
                0x00000001                CY_APPL_NUM = 0x1
                0x00000001                CY_APPL_MAX = 0x1
                0x00000040                CY_METADATA_SIZE = 0x40
                0x00000000                CY_APPL_LOADABLE = 0x0
                0x00000000                CY_CHECKSUM_EXCLUDE_SIZE = ALIGN (0x0, CY_FLASH_ROW_SIZE)
                0x00000000                CY_APP_FOR_STACK_AND_COPIER = 0x0
                [!provide]                PROVIDE (__cy_heap_start, _end)
                0x00000001                PROVIDE (__cy_region_num, ((__cy_regions_end - __cy_regions) / 0x10))
                0x20008000                PROVIDE (__cy_stack, (ORIGIN (ram) + LENGTH (ram)))
                [!provide]                PROVIDE (__cy_heap_end, (__cy_stack - 0x400))

.cybootloader   0x00000000        0x0
 *(.cybootloader)
                0x00000000                appl1_start = CY_APPL_ORIGIN?CY_APPL_ORIGIN:ALIGN (CY_FLASH_ROW_SIZE)
                0x0001ff00                appl2_start = (appl1_start + ALIGN ((((LENGTH (rom) - appl1_start) - (0x2 * CY_FLASH_ROW_SIZE)) / 0x2), CY_FLASH_ROW_SIZE))
                0x00000000                appl_start = (CY_APPL_NUM == 0x1)?appl1_start:appl2_start
                0x00000001                cy_project_type_bootloader = (appl_start == 0x0)?0x1:0x0
                0x00000000                cy_project_type_app_for_stack_and_copier = (CY_APP_FOR_STACK_AND_COPIER == 0x1)?0x1:0x0

.text           0x00000000     0x424c
 CREATE_OBJECT_SYMBOLS
                0x00000000                PROVIDE (__cy_interrupt_vector, RomVectors)
 *(.romvectors)
 .romvectors    0x00000000       0x10 .\CortexM0\ARM_GCC_541\Debug\Cm0Start.o
                0x00000000                RomVectors
                0x00000001                ASSERT ((. != __cy_interrupt_vector), No interrupt vector)
                0x00000001                ASSERT (CY_APPL_ORIGIN?(SIZEOF (.cybootloader) <= CY_APPL_ORIGIN):0x1, Wrong image location)
                0x00000010                PROVIDE (__cy_reset, Reset)
 *(.text.Reset)
 .text.Reset    0x00000010        0x8 .\CortexM0\ARM_GCC_541\Debug\Cm0Start.o
                0x00000010                Reset
                0x00000001                ASSERT ((. != __cy_reset), No reset code)
 *(.psocinit)
 .psocinit      0x00000018      0x204 .\CortexM0\ARM_GCC_541\Debug\cyfitter_cfg.o
                0x000000e0                cyfitter_cfg
                0x0000021c                . = MAX (., 0x100)
 *(.text .text.* .gnu.linkonce.t.*)
 .text          0x0000021c       0x60 c:/program files (x86)/cypress/psoc creator/4.4/psoc creator/import/gnu/arm/5.4.1/bin/../lib/gcc/arm-none-eabi/5.4.1/armv6-m/crtbegin.o
 .text.main     0x0000027c      0x204 .\CortexM0\ARM_GCC_541\Debug\main.o
                0x0000027c                main
 .text.CYMEMZERO
                0x00000480       0x20 .\CortexM0\ARM_GCC_541\Debug\cyfitter_cfg.o
 .text.AnalogSetDefault
                0x000004a0       0x28 .\CortexM0\ARM_GCC_541\Debug\cyfitter_cfg.o
 .text.IntDefaultHandler
                0x000004c8       0x14 .\CortexM0\ARM_GCC_541\Debug\Cm0Start.o
                0x000004c8                IntDefaultHandler
 .text.Start_c  0x000004dc       0x98 .\CortexM0\ARM_GCC_541\Debug\Cm0Start.o
                0x000004dc                Start_c
 .text.initialize_psoc
                0x00000574       0x70 .\CortexM0\ARM_GCC_541\Debug\Cm0Start.o
                0x00000574                initialize_psoc
 .text.SDCard_InitHdwr
                0x000005e4       0x30 .\CortexM0\ARM_GCC_541\Debug\SDCard_Demo.a(SDCard_SPI.o)
                0x000005e4                SDCard_InitHdwr
 .text.SDCard_UnInitHdwr
                0x00000614       0x1c .\CortexM0\ARM_GCC_541\Debug\SDCard_Demo.a(SDCard_SPI.o)
                0x00000614                SDCard_UnInitHdwr
 .text.SDCard_Select
                0x00000630       0x38 .\CortexM0\ARM_GCC_541\Debug\SDCard_Demo.a(SDCard_SPI.o)
                0x00000630                SDCard_Select
 .text.SDCard_SendTxData
                0x00000668       0x20 .\CortexM0\ARM_GCC_541\Debug\SDCard_Demo.a(SDCard_SPI.o)
                0x00000668                SDCard_SendTxData
 .text.SDCard_WriteBuff256
                0x00000688       0x44 .\CortexM0\ARM_GCC_541\Debug\SDCard_Demo.a(SDCard_SPI.o)
                0x00000688                SDCard_WriteBuff256
 .text.SDCard_ReadBuff
                0x000006cc       0x4c .\CortexM0\ARM_GCC_541\Debug\SDCard_Demo.a(SDCard_SPI.o)
                0x000006cc                SDCard_ReadBuff
 .text.SDCard_ReadBuff256
                0x00000718       0x44 .\CortexM0\ARM_GCC_541\Debug\SDCard_Demo.a(SDCard_SPI.o)
                0x00000718                SDCard_ReadBuff256
 .text.SDCard_bReadRxData
                0x0000075c       0x1c .\CortexM0\ARM_GCC_541\Debug\SDCard_Demo.a(SDCard_SPI.o)
                0x0000075c                SDCard_bReadRxData
 .text.SDCard_bReadStatus
                0x00000778       0x1c .\CortexM0\ARM_GCC_541\Debug\SDCard_Demo.a(SDCard_SPI.o)
                0x00000778                SDCard_bReadStatus
 .text.SDCard_Start
                0x00000794       0x2c .\CortexM0\ARM_GCC_541\Debug\SDCard_Demo.a(SDCard_FS.o)
                0x00000794                SDCard_Start
 .text.SDCard_Stop
                0x000007c0       0x24 .\CortexM0\ARM_GCC_541\Debug\SDCard_Demo.a(SDCard_FS.o)
                0x000007c0                SDCard_Stop
 .text.SDCard_fclose
                0x000007e4       0xdc .\CortexM0\ARM_GCC_541\Debug\SDCard_Demo.a(SDCard_FS.o)
                0x000007e4                SDCard_fclose
 .text.SDCard_fopen
                0x000008c0      0x340 .\CortexM0\ARM_GCC_541\Debug\SDCard_Demo.a(SDCard_FS.o)
                0x000008c0                SDCard_fopen
 .text.SDCard_fgetc
                0x00000c00      0x1a4 .\CortexM0\ARM_GCC_541\Debug\SDCard_Demo.a(SDCard_FS.o)
                0x00000c00                SDCard_fgetc
 .text.SDCard_fputc
                0x00000da4      0x1cc .\CortexM0\ARM_GCC_541\Debug\SDCard_Demo.a(SDCard_FS.o)
                0x00000da4                SDCard_fputc
 .text.SDCard_fputcs
                0x00000f70       0x5c .\CortexM0\ARM_GCC_541\Debug\SDCard_Demo.a(SDCard_FS.o)
                0x00000f70                SDCard_fputcs
 .text.SDCard_fflush
                0x00000fcc       0x58 .\CortexM0\ARM_GCC_541\Debug\SDCard_Demo.a(SDCard_FS.o)
                0x00000fcc                SDCard_fflush
 .text.SDCard_GetFilename
                0x00001024       0xf4 .\CortexM0\ARM_GCC_541\Debug\SDCard_Demo.a(SDCard_FS.o)
                0x00001024                SDCard_GetFilename
 .text.SDCard_InitCard
                0x00001118      0x1ac .\CortexM0\ARM_GCC_541\Debug\SDCard_Demo.a(SDCard_FS.o)
                0x00001118                SDCard_InitCard
 .text.SDCard_fseek
                0x000012c4      0x120 .\CortexM0\ARM_GCC_541\Debug\SDCard_Demo.a(SDCard_FS.o)
                0x000012c4                SDCard_fseek
 .text.SDCard_GetFileCount
                0x000013e4       0x1c .\CortexM0\ARM_GCC_541\Debug\SDCard_Demo.a(SDCard_FS.o)
                0x000013e4                SDCard_GetFileCount
 .text.SDCard_GetFileSize
                0x00001400       0x34 .\CortexM0\ARM_GCC_541\Debug\SDCard_Demo.a(SDCard_FS.o)
                0x00001400                SDCard_GetFileSize
 .text.SDCard_clearerr
                0x00001434       0x2c .\CortexM0\ARM_GCC_541\Debug\SDCard_Demo.a(SDCard_FS.o)
                0x00001434                SDCard_clearerr
 .text.SDCard_feof
                0x00001460       0x40 .\CortexM0\ARM_GCC_541\Debug\SDCard_Demo.a(SDCard_FS.o)
                0x00001460                SDCard_feof
 .text.SDCard_Remove
                0x000014a0       0x70 .\CortexM0\ARM_GCC_541\Debug\SDCard_Demo.a(SDCard_FS.o)
                0x000014a0                SDCard_Remove
 .text.SDCard_Rename
                0x00001510      0x14c .\CortexM0\ARM_GCC_541\Debug\SDCard_Demo.a(SDCard_FS.o)
                0x00001510                SDCard_Rename
 .text.SDCard_Copy
                0x0000165c      0x144 .\CortexM0\ARM_GCC_541\Debug\SDCard_Demo.a(SDCard_FS.o)
                0x0000165c                SDCard_Copy
 .text.SDCard_Cmd
                0x000017a0       0xf4 .\CortexM0\ARM_GCC_541\Debug\SDCard_Demo.a(SDCard_FS.o)
                0x000017a0                SDCard_Cmd
 .text.SDCard_GetR1
                0x00001894       0x7c .\CortexM0\ARM_GCC_541\Debug\SDCard_Demo.a(SDCard_FS.o)
                0x00001894                SDCard_GetR1
 .text.SDCard_EndCmd
                0x00001910       0x30 .\CortexM0\ARM_GCC_541\Debug\SDCard_Demo.a(SDCard_FS.o)
                0x00001910                SDCard_EndCmd
 .text.SDCard_Wait
                0x00001940       0x1c .\CortexM0\ARM_GCC_541\Debug\SDCard_Demo.a(SDCard_FS.o)
                0x00001940                SDCard_Wait
 .text.SDCard_Wait2
                0x0000195c       0x10 .\CortexM0\ARM_GCC_541\Debug\SDCard_Demo.a(SDCard_FS.o)
                0x0000195c                SDCard_Wait2
 .text.SDCard_Cmd_00
                0x0000196c       0x94 .\CortexM0\ARM_GCC_541\Debug\SDCard_Demo.a(SDCard_FS.o)
                0x0000196c                SDCard_Cmd_00
 .text.SDCard_Cmd_01
                0x00001a00       0x30 .\CortexM0\ARM_GCC_541\Debug\SDCard_Demo.a(SDCard_FS.o)
                0x00001a00                SDCard_Cmd_01
 .text.SDCard_ACmd_41
                0x00001a30       0x30 .\CortexM0\ARM_GCC_541\Debug\SDCard_Demo.a(SDCard_FS.o)
                0x00001a30                SDCard_ACmd_41
 .text.SDCard_Cmd_55
                0x00001a60       0x30 .\CortexM0\ARM_GCC_541\Debug\SDCard_Demo.a(SDCard_FS.o)
                0x00001a60                SDCard_Cmd_55
 .text.SDCard_GetTable
                0x00001a90       0xb4 .\CortexM0\ARM_GCC_541\Debug\SDCard_Demo.a(SDCard_FS.o)
                0x00001a90                SDCard_GetTable
 .text.SDCard_GetBoot
                0x00001b44      0x3dc .\CortexM0\ARM_GCC_541\Debug\SDCard_Demo.a(SDCard_FS.o)
                0x00001b44                SDCard_GetBoot
 .text.SDCard_CheckReply
                0x00001f20       0x94 .\CortexM0\ARM_GCC_541\Debug\SDCard_Demo.a(SDCard_FS.o)
                0x00001f20                SDCard_CheckReply
 .text.SDCard_SetSize
                0x00001fb4       0x38 .\CortexM0\ARM_GCC_541\Debug\SDCard_Demo.a(SDCard_FS.o)
                0x00001fb4                SDCard_SetSize
 .text.SDCard_XferWait
                0x00001fec       0x2c .\CortexM0\ARM_GCC_541\Debug\SDCard_Demo.a(SDCard_FS.o)
                0x00001fec                SDCard_XferWait
 .text.SDCard_NextFat
                0x00002018       0xbc .\CortexM0\ARM_GCC_541\Debug\SDCard_Demo.a(SDCard_FS.o)
                0x00002018                SDCard_NextFat
 .text.SDCard_FatTrack
                0x000020d4      0x144 .\CortexM0\ARM_GCC_541\Debug\SDCard_Demo.a(SDCard_FS.o)
                0x000020d4                SDCard_FatTrack
 .text.SDCard_LastFat
                0x00002218       0x5c .\CortexM0\ARM_GCC_541\Debug\SDCard_Demo.a(SDCard_FS.o)
                0x00002218                SDCard_LastFat
 .text.SDCard_NextSect
                0x00002274       0xe4 .\CortexM0\ARM_GCC_541\Debug\SDCard_Demo.a(SDCard_FS.o)
                0x00002274                SDCard_NextSect
 .text.SDCard_FindFile
                0x00002358      0x468 .\CortexM0\ARM_GCC_541\Debug\SDCard_Demo.a(SDCard_FS.o)
                0x00002358                SDCard_FindFile
 .text.SDCard_WriteFileSect
                0x000027c0       0x68 .\CortexM0\ARM_GCC_541\Debug\SDCard_Demo.a(SDCard_FS.o)
                0x000027c0                SDCard_WriteFileSect
 .text.SDCard_WriteSect
                0x00002828      0x17c .\CortexM0\ARM_GCC_541\Debug\SDCard_Demo.a(SDCard_FS.o)
                0x00002828                SDCard_WriteSect
 .text.SDCard_ReadFileSect
                0x000029a4       0x74 .\CortexM0\ARM_GCC_541\Debug\SDCard_Demo.a(SDCard_FS.o)
                0x000029a4                SDCard_ReadFileSect
 .text.SDCard_ReadSect
                0x00002a18       0xc4 .\CortexM0\ARM_GCC_541\Debug\SDCard_Demo.a(SDCard_FS.o)
                0x00002a18                SDCard_ReadSect
 .text.SDCard_NewFile
                0x00002adc      0x150 .\CortexM0\ARM_GCC_541\Debug\SDCard_Demo.a(SDCard_FS.o)
                0x00002adc                SDCard_NewFile
 .text.SDCard_FileZero
                0x00002c2c      0x154 .\CortexM0\ARM_GCC_541\Debug\SDCard_Demo.a(SDCard_FS.o)
                0x00002c2c                SDCard_FileZero
 .text.SDCard_FatReclaim
                0x00002d80      0x10c .\CortexM0\ARM_GCC_541\Debug\SDCard_Demo.a(SDCard_FS.o)
                0x00002d80                SDCard_FatReclaim
 .text.SDCard_AddFat
                0x00002e8c      0x1b0 .\CortexM0\ARM_GCC_541\Debug\SDCard_Demo.a(SDCard_FS.o)
                0x00002e8c                SDCard_AddFat
 .text.SDCard_GetBuffPtr
                0x0000303c       0x48 .\CortexM0\ARM_GCC_541\Debug\SDCard_Demo.a(SDCard_FS.o)
                0x0000303c                SDCard_GetBuffPtr
 .text.SDCard_ReadDirSect
                0x00003084       0x48 .\CortexM0\ARM_GCC_541\Debug\SDCard_Demo.a(SDCard_FS.o)
                0x00003084                SDCard_ReadDirSect
 .text.SDCard_WriteDirSect
                0x000030cc       0x2c .\CortexM0\ARM_GCC_541\Debug\SDCard_Demo.a(SDCard_FS.o)
                0x000030cc                SDCard_WriteDirSect
 .text.SDCard_ReadFatSect
                0x000030f8       0x4c .\CortexM0\ARM_GCC_541\Debug\SDCard_Demo.a(SDCard_FS.o)
                0x000030f8                SDCard_ReadFatSect
 .text.SDCard_WriteFatSect
                0x00003144       0x40 .\CortexM0\ARM_GCC_541\Debug\SDCard_Demo.a(SDCard_FS.o)
                0x00003144                SDCard_WriteFatSect
 .text.SDCard_GetFatAddr
                0x00003184       0x24 .\CortexM0\ARM_GCC_541\Debug\SDCard_Demo.a(SDCard_FS.o)
                0x00003184                SDCard_GetFatAddr
 .text.SDCard_UpdateDir
                0x000031a8       0xb4 .\CortexM0\ARM_GCC_541\Debug\SDCard_Demo.a(SDCard_FS.o)
                0x000031a8                SDCard_UpdateDir
 .text.SDCard_ParseFilename
                0x0000325c      0x258 .\CortexM0\ARM_GCC_541\Debug\SDCard_Demo.a(SDCard_FS.o)
                0x0000325c                SDCard_ParseFilename
 .text.SDCard_CopyDir
                0x000034b4       0x50 .\CortexM0\ARM_GCC_541\Debug\SDCard_Demo.a(SDCard_FS.o)
                0x000034b4                SDCard_CopyDir
 .text.SDCard_GetAddress
                0x00003504       0xa0 .\CortexM0\ARM_GCC_541\Debug\SDCard_Demo.a(SDCard_FS.o)
                0x00003504                SDCard_GetAddress
 .text.SDCard_IncOffset
                0x000035a4       0xbc .\CortexM0\ARM_GCC_541\Debug\SDCard_Demo.a(SDCard_FS.o)
                0x000035a4                SDCard_IncOffset
 .text.SDCard_SPIM_Init
                0x00003660       0x10 .\CortexM0\ARM_GCC_541\Debug\SDCard_Demo.a(SDCard_SPIM.o)
                0x00003660                SDCard_SPIM_Init
 .text.SDCard_SPIM_Enable
                0x00003670       0x24 .\CortexM0\ARM_GCC_541\Debug\SDCard_Demo.a(SDCard_SPIM.o)
                0x00003670                SDCard_SPIM_Enable
 .text.SDCard_SPIM_Start
                0x00003694       0x24 .\CortexM0\ARM_GCC_541\Debug\SDCard_Demo.a(SDCard_SPIM.o)
                0x00003694                SDCard_SPIM_Start
 .text.SDCard_SPIM_Stop
                0x000036b8       0x34 .\CortexM0\ARM_GCC_541\Debug\SDCard_Demo.a(SDCard_SPIM.o)
                0x000036b8                SDCard_SPIM_Stop
 .text.SDCard_SPIM_ScbEnableIntr
                0x000036ec       0x10 .\CortexM0\ARM_GCC_541\Debug\SDCard_Demo.a(SDCard_SPIM.o)
 .text.SDCard_SPIM_ScbModePostEnable
                0x000036fc       0x10 .\CortexM0\ARM_GCC_541\Debug\SDCard_Demo.a(SDCard_SPIM.o)
 .text.SDCard_SPIM_ScbModeStop
                0x0000370c       0x10 .\CortexM0\ARM_GCC_541\Debug\SDCard_Demo.a(SDCard_SPIM.o)
 .text.SDCard_SPIM_SpiUartReadRxData
                0x0000371c       0x20 .\CortexM0\ARM_GCC_541\Debug\SDCard_Demo.a(SDCard_SPIM_SPI_UART.o)
                0x0000371c                SDCard_SPIM_SpiUartReadRxData
 .text.SDCard_SPIM_SpiUartGetRxBufferSize
                0x0000373c       0x20 .\CortexM0\ARM_GCC_541\Debug\SDCard_Demo.a(SDCard_SPIM_SPI_UART.o)
                0x0000373c                SDCard_SPIM_SpiUartGetRxBufferSize
 .text.SDCard_SPIM_SpiUartClearRxBuffer
                0x0000375c       0x2c .\CortexM0\ARM_GCC_541\Debug\SDCard_Demo.a(SDCard_SPIM_SPI_UART.o)
                0x0000375c                SDCard_SPIM_SpiUartClearRxBuffer
 .text.SDCard_SPIM_SpiUartWriteTxData
                0x00003788       0x2c .\CortexM0\ARM_GCC_541\Debug\SDCard_Demo.a(SDCard_SPIM_SPI_UART.o)
                0x00003788                SDCard_SPIM_SpiUartWriteTxData
 .text.SDCard_SPIM_SpiUartClearTxBuffer
                0x000037b4       0x2c .\CortexM0\ARM_GCC_541\Debug\SDCard_Demo.a(SDCard_SPIM_SPI_UART.o)
                0x000037b4                SDCard_SPIM_SpiUartClearTxBuffer
 .text.SDCard_SPIM_SpiInit
                0x000037e0       0xc0 .\CortexM0\ARM_GCC_541\Debug\SDCard_Demo.a(SDCard_SPIM_SPI.o)
                0x000037e0                SDCard_SPIM_SpiInit
 .text.SDCard_SPIM_SpiPostEnable
                0x000038a0       0x3c .\CortexM0\ARM_GCC_541\Debug\SDCard_Demo.a(SDCard_SPIM_SPI.o)
                0x000038a0                SDCard_SPIM_SpiPostEnable
 .text.SDCard_SPIM_SpiStop
                0x000038dc       0x70 .\CortexM0\ARM_GCC_541\Debug\SDCard_Demo.a(SDCard_SPIM_SPI.o)
                0x000038dc                SDCard_SPIM_SpiStop
 .text.SDCard_SPIM_SpiSetActiveSlaveSelect
                0x0000394c       0x3c .\CortexM0\ARM_GCC_541\Debug\SDCard_Demo.a(SDCard_SPIM_SPI.o)
                0x0000394c                SDCard_SPIM_SpiSetActiveSlaveSelect
 .text.SDCard_SD_Clock_SetFractionalDividerRegister
                0x00003988       0x48 .\CortexM0\ARM_GCC_541\Debug\SDCard_Demo.a(SDCard_SD_Clock.o)
                0x00003988                SDCard_SD_Clock_SetFractionalDividerRegister
 .text.SDCard_SD_Clock_GetDividerRegister
                0x000039d0       0x1c .\CortexM0\ARM_GCC_541\Debug\SDCard_Demo.a(SDCard_SD_Clock.o)
                0x000039d0                SDCard_SD_Clock_GetDividerRegister
 .text.SDCard_SD_PWR_Write
                0x000039ec       0x50 .\CortexM0\ARM_GCC_541\Debug\SDCard_Demo.a(SDCard_SD_PWR.o)
                0x000039ec                SDCard_SD_PWR_Write
 .text.SDCard_SD_CS_Write
                0x00003a3c       0x4c .\CortexM0\ARM_GCC_541\Debug\SDCard_Demo.a(SDCard_SD_CS.o)
                0x00003a3c                SDCard_SD_CS_Write
 .text.SDCard_SPIM_ss0_m_Write
                0x00003a88       0x4c .\CortexM0\ARM_GCC_541\Debug\SDCard_Demo.a(SDCard_SPIM_ss0_m.o)
                0x00003a88                SDCard_SPIM_ss0_m_Write
 .text.SDCard_SPIM_sclk_m_Write
                0x00003ad4       0x48 .\CortexM0\ARM_GCC_541\Debug\SDCard_Demo.a(SDCard_SPIM_sclk_m.o)
                0x00003ad4                SDCard_SPIM_sclk_m_Write
 .text.CySysClkWriteImoFreq
                0x00003b1c      0x1e4 .\CortexM0\ARM_GCC_541\Debug\SDCard_Demo.a(CyLib.o)
                0x00003b1c                CySysClkWriteImoFreq
 .text.CySysClkEcoStart
                0x00003d00       0x74 .\CortexM0\ARM_GCC_541\Debug\SDCard_Demo.a(CyLib.o)
                0x00003d00                CySysClkEcoStart
 .text.CySysClkEcoReadStatus
                0x00003d74       0x20 .\CortexM0\ARM_GCC_541\Debug\SDCard_Demo.a(CyLib.o)
                0x00003d74                CySysClkEcoReadStatus
 .text.CyIntSetVector
                0x00003d94       0x4c .\CortexM0\ARM_GCC_541\Debug\SDCard_Demo.a(CyLib.o)
                0x00003d94                CyIntSetVector
 .text.CyIntSetPriority
                0x00003de0       0xa8 .\CortexM0\ARM_GCC_541\Debug\SDCard_Demo.a(CyLib.o)
                0x00003de0                CyIntSetPriority
 .text.CyIntEnable
                0x00003e88       0x2c .\CortexM0\ARM_GCC_541\Debug\SDCard_Demo.a(CyLib.o)
                0x00003e88                CyIntEnable
 .text.CyIntDisable
                0x00003eb4       0x2c .\CortexM0\ARM_GCC_541\Debug\SDCard_Demo.a(CyLib.o)
                0x00003eb4                CyIntDisable
 .text.CyIntClearPending
                0x00003ee0       0x2c .\CortexM0\ARM_GCC_541\Debug\SDCard_Demo.a(CyLib.o)
                0x00003ee0                CyIntClearPending
 .text.CyHalt   0x00003f0c       0x18 .\CortexM0\ARM_GCC_541\Debug\SDCard_Demo.a(CyLib.o)
                0x00003f0c                CyHalt
 .text.CyDelay  0x00003f24       0x4c .\CortexM0\ARM_GCC_541\Debug\SDCard_Demo.a(CyLib.o)
                0x00003f24                CyDelay
 .text.CyDelayUs
                0x00003f70       0x28 .\CortexM0\ARM_GCC_541\Debug\SDCard_Demo.a(CyLib.o)
                0x00003f70                CyDelayUs
 .text.CySysClkWcoSetHighPowerMode
                0x00003f98       0x4c .\CortexM0\ARM_GCC_541\Debug\SDCard_Demo.a(CyLFClk.o)
 .text.CySysClkWcoSetLowPowerMode
                0x00003fe4       0x4c .\CortexM0\ARM_GCC_541\Debug\SDCard_Demo.a(CyLFClk.o)
 .text.CySysClkWcoStart
                0x00004030       0x20 .\CortexM0\ARM_GCC_541\Debug\SDCard_Demo.a(CyLFClk.o)
                0x00004030                CySysClkWcoStart
 .text.CySysClkWcoSetPowerMode
                0x00004050       0x40 .\CortexM0\ARM_GCC_541\Debug\SDCard_Demo.a(CyLFClk.o)
                0x00004050                CySysClkWcoSetPowerMode
 .text          0x00004090       0x20 .\CortexM0\ARM_GCC_541\Debug\SDCard_Demo.a(CyBootAsmGnu.o)
                0x00004090                CyDelayCycles
                0x000040a2                CyEnterCriticalSection
                0x000040aa                CyExitCriticalSection
 .text.SDCard_SPIM_SPI_UART_ISR
                0x000040b0       0x1c .\CortexM0\ARM_GCC_541\Debug\SDCard_Demo.a(SDCard_SPIM_SPI_UART_INT.o)
                0x000040b0                SDCard_SPIM_SPI_UART_ISR
 .text          0x000040cc      0x114 c:/program files (x86)/cypress/psoc creator/4.4/psoc creator/import/gnu/arm/5.4.1/bin/../lib/gcc/arm-none-eabi/5.4.1/armv6-m\libgcc.a(_udivsi3.o)
                0x000040cc                __aeabi_uidiv
                0x000040cc                __udivsi3
                0x000041d8                __aeabi_uidivmod
 .text          0x000041e0        0x4 c:/program files (x86)/cypress/psoc creator/4.4/psoc creator/import/gnu/arm/5.4.1/bin/../lib/gcc/arm-none-eabi/5.4.1/armv6-m\libgcc.a(_dvmd_tls.o)
                0x000041e0                __aeabi_idiv0
                0x000041e0                __aeabi_ldiv0
 .text.__errno  0x000041e4        0xc c:/program files (x86)/cypress/psoc creator/4.4/psoc creator/import/gnu/arm/5.4.1/bin/../lib/gcc/arm-none-eabi/5.4.1/../../../../arm-none-eabi/lib/armv6-m\libg_nano.a(lib_a-errno.o)
                0x000041e4                __errno
 .text.__libc_init_array
                0x000041f0       0x4c c:/program files (x86)/cypress/psoc creator/4.4/psoc creator/import/gnu/arm/5.4.1/bin/../lib/gcc/arm-none-eabi/5.4.1/../../../../arm-none-eabi/lib/armv6-m\libg_nano.a(lib_a-init.o)
                0x000041f0                __libc_init_array
 .text.memset   0x0000423c       0x10 c:/program files (x86)/cypress/psoc creator/4.4/psoc creator/import/gnu/arm/5.4.1/bin/../lib/gcc/arm-none-eabi/5.4.1/../../../../arm-none-eabi/lib/armv6-m\libg_nano.a(lib_a-memset.o)
                0x0000423c                memset
 *(.plt)
 *(.gnu.warning)
 *(.glue_7t)
 .glue_7t       0x0000424c        0x0 linker stubs
 *(.glue_7)
 .glue_7        0x0000424c        0x0 linker stubs
 *(.vfp11_veneer)
 .vfp11_veneer  0x0000424c        0x0 linker stubs
 *(.bootloader)
 *(.ARM.extab* .gnu.linkonce.armextab.*)
 *(.gcc_except_table)

.v4_bx          0x0000424c        0x0
 .v4_bx         0x0000424c        0x0 linker stubs

.iplt           0x0000424c        0x0
 .iplt          0x0000424c        0x0 c:/program files (x86)/cypress/psoc creator/4.4/psoc creator/import/gnu/arm/5.4.1/bin/../lib/gcc/arm-none-eabi/5.4.1/armv6-m/crtbegin.o

.eh_frame_hdr
 *(.eh_frame_hdr)

.eh_frame       0x0000424c        0x4
 *(.eh_frame)
 .eh_frame      0x0000424c        0x0 c:/program files (x86)/cypress/psoc creator/4.4/psoc creator/import/gnu/arm/5.4.1/bin/../lib/gcc/arm-none-eabi/5.4.1/armv6-m/crtbegin.o
 .eh_frame      0x0000424c        0x4 c:/program files (x86)/cypress/psoc creator/4.4/psoc creator/import/gnu/arm/5.4.1/bin/../lib/gcc/arm-none-eabi/5.4.1/armv6-m/crtend.o
                [!provide]                PROVIDE (__exidx_start, .)

.ARM.exidx
 *(.ARM.exidx* .gnu.linkonce.armexidx.*)
                0x00004250                __exidx_end = .

.rodata         0x00004250      0x158
 *(.rodata .rodata.* .gnu.linkonce.r.*)
 .rodata        0x00004250       0xb1 .\CortexM0\ARM_GCC_541\Debug\main.o
 *fill*         0x00004301        0x3 
 .rodata        0x00004304        0xc .\CortexM0\ARM_GCC_541\Debug\cyfitter_cfg.o
 .rodata        0x00004310       0x2e .\CortexM0\ARM_GCC_541\Debug\SDCard_Demo.a(SDCard_FS.o)
                0x00004310                SDCard_CmdStr00
                0x00004318                SDCard_BlankDir
 *fill*         0x0000433e        0x2 
 .rodata        0x00004340       0x2e .\CortexM0\ARM_GCC_541\Debug\SDCard_Demo.a(CyLib.o)
                0x00004340                cyImoFreqMhz2Reg
 .rodata.str1.1
                0x0000436e        0x2 c:/program files (x86)/cypress/psoc creator/4.4/psoc creator/import/gnu/arm/5.4.1/bin/../lib/gcc/arm-none-eabi/5.4.1/../../../../arm-none-eabi/lib/armv6-m\libg_nano.a(lib_a-impure.o)
                0x00004370                . = ALIGN (0x4)
 *(.init)
 .init          0x00004370        0x4 c:/program files (x86)/cypress/psoc creator/4.4/psoc creator/import/gnu/arm/5.4.1/bin/../lib/gcc/arm-none-eabi/5.4.1/armv6-m/crti.o
                0x00004370                _init
 .init          0x00004374        0x8 c:/program files (x86)/cypress/psoc creator/4.4/psoc creator/import/gnu/arm/5.4.1/bin/../lib/gcc/arm-none-eabi/5.4.1/armv6-m/crtn.o
                0x0000437c                . = ALIGN (0x4)
                0x0000437c                __preinit_array_start = .
 *(.preinit_array)
                0x0000437c                __preinit_array_end = .
                0x0000437c                . = ALIGN (0x4)
                0x0000437c                __init_array_start = .
 *(SORT(.init_array.*))
 *(.init_array)
 .init_array    0x0000437c        0x4 c:/program files (x86)/cypress/psoc creator/4.4/psoc creator/import/gnu/arm/5.4.1/bin/../lib/gcc/arm-none-eabi/5.4.1/armv6-m/crtbegin.o
 .init_array    0x00004380        0x4 .\CortexM0\ARM_GCC_541\Debug\Cm0Start.o
                0x00004384                __init_array_end = .
                0x00004384                . = ALIGN (0x4)
 *(.fini)
 .fini          0x00004384        0x4 c:/program files (x86)/cypress/psoc creator/4.4/psoc creator/import/gnu/arm/5.4.1/bin/../lib/gcc/arm-none-eabi/5.4.1/armv6-m/crti.o
                0x00004384                _fini
 .fini          0x00004388        0x8 c:/program files (x86)/cypress/psoc creator/4.4/psoc creator/import/gnu/arm/5.4.1/bin/../lib/gcc/arm-none-eabi/5.4.1/armv6-m/crtn.o
                0x00004390                . = ALIGN (0x4)
                0x00004390                __fini_array_start = .
 *(.fini_array)
 .fini_array    0x00004390        0x4 c:/program files (x86)/cypress/psoc creator/4.4/psoc creator/import/gnu/arm/5.4.1/bin/../lib/gcc/arm-none-eabi/5.4.1/armv6-m/crtbegin.o
 *(SORT(.fini_array.*))
                0x00004394                __fini_array_end = .
                0x00004394                . = ALIGN (0x4)
 *crtbegin.o(.ctors)
 *(EXCLUDE_FILE(*crtend.o) .ctors)
 *(SORT(.ctors.*))
 *crtend.o(.ctors)
                0x00004394                . = ALIGN (0x4)
 *crtbegin.o(.dtors)
 *(EXCLUDE_FILE(*crtend.o) .dtors)
 *(SORT(.dtors.*))
 *crtend.o(.dtors)
                0x00004394                . = ALIGN (0x4)
                0x00004394                __cy_regions = .
                0x00004394        0x4 LONG 0x43a8 __cy_region_init_ram
                0x00004398        0x4 LONG 0x200000c8 __cy_region_start_data
                0x0000439c        0x4 LONG 0x90 __cy_region_init_size_ram
                0x000043a0        0x4 LONG 0x2b8 __cy_region_zero_size_ram
                0x000043a4                __cy_regions_end = .
                0x000043a8                . = ALIGN (0x8)
 *fill*         0x000043a4        0x4 
                0x000043a8                _etext = .

.cy_checksum_exclude
                0x000043a8        0x0
 *(.cy_checksum_exclude)

.ramvectors     0x20000000       0xc0
                0x20000000                __cy_region_start_ram = .
 *(.ramvectors)
 .ramvectors    0x20000000       0xc0 .\CortexM0\ARM_GCC_541\Debug\Cm0Start.o
                0x20000000                CyRamVectors

.noinit         0x200000c0        0x4
 *(.noinit)
 .noinit        0x200000c0        0x4 .\CortexM0\ARM_GCC_541\Debug\Cm0Start.o

.data           0x200000c8       0x90 load address 0x000043a8
                0x200000c8                __cy_region_start_data = .
 *(.jcr)
 .jcr           0x200000c8        0x0 c:/program files (x86)/cypress/psoc creator/4.4/psoc creator/import/gnu/arm/5.4.1/bin/../lib/gcc/arm-none-eabi/5.4.1/armv6-m/crtbegin.o
 .jcr           0x200000c8        0x4 c:/program files (x86)/cypress/psoc creator/4.4/psoc creator/import/gnu/arm/5.4.1/bin/../lib/gcc/arm-none-eabi/5.4.1/armv6-m/crtend.o
 *(.got.plt)
 *(.got)
 *(.shdata)
 *(.data .data.* .gnu.linkonce.d.*)
 .data          0x200000cc       0x10 .\CortexM0\ARM_GCC_541\Debug\SDCard_Demo.a(SDCard_FS.o)
                0x200000cc                SDCard_DirSize
                0x200000d0                SDCard_EmptyFat
                0x200000d4                SDCard_FatEntrySize
                0x200000d8                SDCard_FatEnd
 .data          0x200000dc       0x14 .\CortexM0\ARM_GCC_541\Debug\SDCard_Demo.a(CyLib.o)
                0x200000dc                cydelayFreqHz
                0x200000e0                cydelayFreqKhz
                0x200000e4                cydelayFreqMhz
                0x200000e8                cydelay32kMs
                0x200000ec                CySysClkPumpConfig
 .data.impure_data
                0x200000f0       0x60 c:/program files (x86)/cypress/psoc creator/4.4/psoc creator/import/gnu/arm/5.4.1/bin/../lib/gcc/arm-none-eabi/5.4.1/../../../../arm-none-eabi/lib/armv6-m\libg_nano.a(lib_a-impure.o)
 .data._impure_ptr
                0x20000150        0x4 c:/program files (x86)/cypress/psoc creator/4.4/psoc creator/import/gnu/arm/5.4.1/bin/../lib/gcc/arm-none-eabi/5.4.1/../../../../arm-none-eabi/lib/armv6-m\libg_nano.a(lib_a-impure.o)
                0x20000150                _impure_ptr
                0x20000158                . = ALIGN (0x8)
 *fill*         0x20000154        0x4 
 *(.ram)
                0x20000158                _edata = .

.igot.plt       0x20000158        0x0 load address 0x00004438
 .igot.plt      0x20000158        0x0 c:/program files (x86)/cypress/psoc creator/4.4/psoc creator/import/gnu/arm/5.4.1/bin/../lib/gcc/arm-none-eabi/5.4.1/armv6-m/crtbegin.o

.bss            0x20000158      0x2b8 load address 0x00004438
                0x20000158                PROVIDE (__bss_start__, .)
 *(.shbss)
 *(.bss .bss.* .gnu.linkonce.b.*)
 .bss           0x20000158       0x1c c:/program files (x86)/cypress/psoc creator/4.4/psoc creator/import/gnu/arm/5.4.1/bin/../lib/gcc/arm-none-eabi/5.4.1/armv6-m/crtbegin.o
 .bss           0x20000174        0xb .\CortexM0\ARM_GCC_541\Debug\SDCard_Demo.a(SDCard_FS.o)
                0x20000174                SDCard_MemoryStart
                0x20000178                SDCard_BuffLoc
                0x2000017c                SDCard_DirtyFlag
                0x2000017d                SDCard_CardType
                0x2000017e                SDCard_Speed
 *fill*         0x2000017f        0x1 
 .bss           0x20000180        0x8 .\CortexM0\ARM_GCC_541\Debug\SDCard_Demo.a(SDCard_SPIM.o)
                0x20000180                SDCard_SPIM_initVar
                0x20000182                SDCard_SPIM_IntrTxMask
                0x20000184                SDCard_SPIM_customIntrHandler
 *(COMMON)
 COMMON         0x20000188       0x18 .\CortexM0\ARM_GCC_541\Debug\main.o
                0x20000188                j
                0x2000018c                fnam
                0x20000190                bufnn
                0x20000194                i
                0x20000198                no
                0x20000199                fcnt
                0x2000019a                fre
                0x2000019c                siz
 COMMON         0x200001a0      0x26c .\CortexM0\ARM_GCC_541\Debug\SDCard_Demo.a(SDCard_FS.o)
                0x200001a0                SDCard_Buffer2
                0x200001a4                SDCard_Address
                0x200001a8                SDCard_CurDir
                0x200001b0                SDCard_CurSect
                0x200001b4                SDCard_CurSize
                0x200001c0                SDCard_CurStart
                0x200001cc                SDCard_CurAttr
                0x200001d0                SDCard_Buffer1
                0x200001d4                SDCard_DirStart
                0x200001d8                SDCard_DirFat
                0x200001dc                SDCard_Fat1Start
                0x200001e0                SDCard_SectBuf1
                0x200002e0                SDCard_CurOffset
                0x200002ec                SDCard_Fat2Start
                0x200002f0                SDCard_CurFat
                0x200002fc                rbuff
                0x200002fd                SDCard_ClusterSize
                0x20000300                SDCard_FileError
                0x20000304                SDCard_DataStart
                0x20000308                SDCard_FileMode
                0x2000030c                SDCard_SectBuf2
                0x20000410                . = ALIGN (0x8)
 *fill*         0x2000040c        0x4 
 *(.ram.b)
                0x20000410                _end = .
                0x20000410                __end = .
                0x20000410                PROVIDE (end, .)
                0x20000410                PROVIDE (__bss_end__, .)
                0x000043a8                __cy_region_init_ram = LOADADDR (.data)
                0x00000090                __cy_region_init_size_ram = (_edata - ADDR (.data))
                0x000002b8                __cy_region_zero_size_ram = (_end - _edata)

.heap           0x20000410      0x100 load address 0x00004438
                0x20000410                . = _end
                0x20000510                . = (. + 0x100)
 *fill*         0x20000410      0x100 
                0x20000510                __cy_heap_limit = .

.stack          0x20007c00      0x400
                0x20007c00                __cy_stack_limit = .
                0x20008000                . = (. + 0x400)
 *fill*         0x20007c00      0x400 
                0x00000001                ASSERT ((__cy_stack_limit >= __cy_heap_limit), region RAM overflowed with stack)
                0x00000000                cy_checksum_exclude_size = (CY_APPL_LOADABLE == 0x1)?SIZEOF (.cy_checksum_exclude):0x0
                0x00000001                ASSERT ((cy_checksum_exclude_size <= CY_CHECKSUM_EXCLUDE_SIZE), CY_BOOT: Section .cy_checksum_exclude size exceedes specified limit.)
                0x0003ffc0                cyloadermeta_start = (cy_project_type_bootloader || cy_project_type_app_for_stack_and_copier)?(LENGTH (rom) - CY_METADATA_SIZE):0xf0000000

.cyloadermeta
 *(.cyloadermeta)
                0x0003ffc0                cyloadablemeta_start = cy_project_type_app_for_stack_and_copier?((LENGTH (rom) - CY_FLASH_ROW_SIZE) - CY_METADATA_SIZE):((LENGTH (rom) - (CY_FLASH_ROW_SIZE * (CY_APPL_NUM - 0x1))) - CY_METADATA_SIZE)

.cyloadablemeta
 *(.cyloadablemeta)

.cyflashprotect
                0x90400000       0x80
 *(.cyflashprotect)
 .cyflashprotect
                0x90400000       0x80 .\CortexM0\ARM_GCC_541\Debug\cymetadata.o
                0x90400000                cy_meta_flashprotect

.cymeta         0x90500000        0xc
 *(.cymeta)
 .cymeta        0x90500000        0xc .\CortexM0\ARM_GCC_541\Debug\cymetadata.o
                0x90500000                cy_metadata

.cychipprotect  0x90600000        0x1
 *(.cychipprotect)
 .cychipprotect
                0x90600000        0x1 .\CortexM0\ARM_GCC_541\Debug\cymetadata.o
                0x90600000                cy_meta_chipprotect

.rel.dyn        0x00004438        0x0 load address 0x90600004
 .rel.iplt      0x00004438        0x0 c:/program files (x86)/cypress/psoc creator/4.4/psoc creator/import/gnu/arm/5.4.1/bin/../lib/gcc/arm-none-eabi/5.4.1/armv6-m/crtbegin.o

.stab
 *(.stab)

.stabstr
 *(.stabstr)

.debug
 *(.debug)

.line
 *(.line)

.debug_srcinfo
 *(.debug_srcinfo)

.debug_sfnames
 *(.debug_sfnames)

.debug_aranges  0x00000000      0x9f8
 *(.debug_aranges)
 .debug_aranges
                0x00000000       0x20 .\CortexM0\ARM_GCC_541\Debug\main.o
 .debug_aranges
                0x00000020       0x48 .\CortexM0\ARM_GCC_541\Debug\cyfitter_cfg.o
 .debug_aranges
                0x00000068       0x48 .\CortexM0\ARM_GCC_541\Debug\Cm0Start.o
 .debug_aranges
                0x000000b0       0x18 .\CortexM0\ARM_GCC_541\Debug\cymetadata.o
 .debug_aranges
                0x000000c8       0x68 .\CortexM0\ARM_GCC_541\Debug\SDCard_Demo.a(SDCard_SPI.o)
 .debug_aranges
                0x00000130      0x228 .\CortexM0\ARM_GCC_541\Debug\SDCard_Demo.a(SDCard_FS.o)
 .debug_aranges
                0x00000358       0x68 .\CortexM0\ARM_GCC_541\Debug\SDCard_Demo.a(SDCard_SPIM.o)
 .debug_aranges
                0x000003c0       0x60 .\CortexM0\ARM_GCC_541\Debug\SDCard_Demo.a(SDCard_SPIM_SPI_UART.o)
 .debug_aranges
                0x00000420       0x40 .\CortexM0\ARM_GCC_541\Debug\SDCard_Demo.a(SDCard_SPIM_SPI.o)
 .debug_aranges
                0x00000460       0x40 .\CortexM0\ARM_GCC_541\Debug\SDCard_Demo.a(SDCard_SD_Clock.o)
 .debug_aranges
                0x000004a0       0x48 .\CortexM0\ARM_GCC_541\Debug\SDCard_Demo.a(SDCard_SD_PWR.o)
 .debug_aranges
                0x000004e8       0x48 .\CortexM0\ARM_GCC_541\Debug\SDCard_Demo.a(SDCard_SD_CS.o)
 .debug_aranges
                0x00000530       0x48 .\CortexM0\ARM_GCC_541\Debug\SDCard_Demo.a(SDCard_SD_WP.o)
 .debug_aranges
                0x00000578       0x48 .\CortexM0\ARM_GCC_541\Debug\SDCard_Demo.a(SDCard_SD_CD.o)
 .debug_aranges
                0x000005c0       0x48 .\CortexM0\ARM_GCC_541\Debug\SDCard_Demo.a(SDCard_SPIM_ss0_m.o)
 .debug_aranges
                0x00000608       0x48 .\CortexM0\ARM_GCC_541\Debug\SDCard_Demo.a(SDCard_SPIM_sclk_m.o)
 .debug_aranges
                0x00000650      0x1d0 .\CortexM0\ARM_GCC_541\Debug\SDCard_Demo.a(CyLib.o)
 .debug_aranges
                0x00000820      0x198 .\CortexM0\ARM_GCC_541\Debug\SDCard_Demo.a(CyLFClk.o)
 .debug_aranges
                0x000009b8       0x20 .\CortexM0\ARM_GCC_541\Debug\SDCard_Demo.a(CyBootAsmGnu.o)
 .debug_aranges
                0x000009d8       0x20 .\CortexM0\ARM_GCC_541\Debug\SDCard_Demo.a(SDCard_SPIM_SPI_UART_INT.o)

.debug_pubnames
 *(.debug_pubnames)

.debug_info     0x00000000     0x4645
 *(.debug_info .gnu.linkonce.wi.*)
 .debug_info    0x00000000      0x18b .\CortexM0\ARM_GCC_541\Debug\main.o
 .debug_info    0x0000018b      0x259 .\CortexM0\ARM_GCC_541\Debug\cyfitter_cfg.o
 .debug_info    0x000003e4      0x312 .\CortexM0\ARM_GCC_541\Debug\Cm0Start.o
 .debug_info    0x000006f6       0xf8 .\CortexM0\ARM_GCC_541\Debug\cymetadata.o
 .debug_info    0x000007ee      0x279 .\CortexM0\ARM_GCC_541\Debug\SDCard_Demo.a(SDCard_SPI.o)
 .debug_info    0x00000a67     0x1478 .\CortexM0\ARM_GCC_541\Debug\SDCard_Demo.a(SDCard_FS.o)
 .debug_info    0x00001edf      0x208 .\CortexM0\ARM_GCC_541\Debug\SDCard_Demo.a(SDCard_SPIM.o)
 .debug_info    0x000020e7      0x218 .\CortexM0\ARM_GCC_541\Debug\SDCard_Demo.a(SDCard_SPIM_SPI_UART.o)
 .debug_info    0x000022ff      0x17c .\CortexM0\ARM_GCC_541\Debug\SDCard_Demo.a(SDCard_SPIM_SPI.o)
 .debug_info    0x0000247b      0x163 .\CortexM0\ARM_GCC_541\Debug\SDCard_Demo.a(SDCard_SD_Clock.o)
 .debug_info    0x000025de      0x19a .\CortexM0\ARM_GCC_541\Debug\SDCard_Demo.a(SDCard_SD_PWR.o)
 .debug_info    0x00002778      0x19a .\CortexM0\ARM_GCC_541\Debug\SDCard_Demo.a(SDCard_SD_CS.o)
 .debug_info    0x00002912      0x19a .\CortexM0\ARM_GCC_541\Debug\SDCard_Demo.a(SDCard_SD_WP.o)
 .debug_info    0x00002aac      0x19a .\CortexM0\ARM_GCC_541\Debug\SDCard_Demo.a(SDCard_SD_CD.o)
 .debug_info    0x00002c46      0x19a .\CortexM0\ARM_GCC_541\Debug\SDCard_Demo.a(SDCard_SPIM_ss0_m.o)
 .debug_info    0x00002de0      0x19a .\CortexM0\ARM_GCC_541\Debug\SDCard_Demo.a(SDCard_SPIM_sclk_m.o)
 .debug_info    0x00002f7a      0xab6 .\CortexM0\ARM_GCC_541\Debug\SDCard_Demo.a(CyLib.o)
 .debug_info    0x00003a30      0xab3 .\CortexM0\ARM_GCC_541\Debug\SDCard_Demo.a(CyLFClk.o)
 .debug_info    0x000044e3       0xa4 .\CortexM0\ARM_GCC_541\Debug\SDCard_Demo.a(CyBootAsmGnu.o)
 .debug_info    0x00004587       0xbe .\CortexM0\ARM_GCC_541\Debug\SDCard_Demo.a(SDCard_SPIM_SPI_UART_INT.o)

.debug_abbrev   0x00000000     0x1281
 *(.debug_abbrev)
 .debug_abbrev  0x00000000       0x98 .\CortexM0\ARM_GCC_541\Debug\main.o
 .debug_abbrev  0x00000098      0x136 .\CortexM0\ARM_GCC_541\Debug\cyfitter_cfg.o
 .debug_abbrev  0x000001ce      0x1c8 .\CortexM0\ARM_GCC_541\Debug\Cm0Start.o
 .debug_abbrev  0x00000396       0x5d .\CortexM0\ARM_GCC_541\Debug\cymetadata.o
 .debug_abbrev  0x000003f3      0x11c .\CortexM0\ARM_GCC_541\Debug\SDCard_Demo.a(SDCard_SPI.o)
 .debug_abbrev  0x0000050f      0x1b2 .\CortexM0\ARM_GCC_541\Debug\SDCard_Demo.a(SDCard_FS.o)
 .debug_abbrev  0x000006c1       0xc5 .\CortexM0\ARM_GCC_541\Debug\SDCard_Demo.a(SDCard_SPIM.o)
 .debug_abbrev  0x00000786      0x140 .\CortexM0\ARM_GCC_541\Debug\SDCard_Demo.a(SDCard_SPIM_SPI_UART.o)
 .debug_abbrev  0x000008c6       0xcf .\CortexM0\ARM_GCC_541\Debug\SDCard_Demo.a(SDCard_SPIM_SPI.o)
 .debug_abbrev  0x00000995       0xa8 .\CortexM0\ARM_GCC_541\Debug\SDCard_Demo.a(SDCard_SD_Clock.o)
 .debug_abbrev  0x00000a3d       0xaa .\CortexM0\ARM_GCC_541\Debug\SDCard_Demo.a(SDCard_SD_PWR.o)
 .debug_abbrev  0x00000ae7       0xaa .\CortexM0\ARM_GCC_541\Debug\SDCard_Demo.a(SDCard_SD_CS.o)
 .debug_abbrev  0x00000b91       0xaa .\CortexM0\ARM_GCC_541\Debug\SDCard_Demo.a(SDCard_SD_WP.o)
 .debug_abbrev  0x00000c3b       0xaa .\CortexM0\ARM_GCC_541\Debug\SDCard_Demo.a(SDCard_SD_CD.o)
 .debug_abbrev  0x00000ce5       0xaa .\CortexM0\ARM_GCC_541\Debug\SDCard_Demo.a(SDCard_SPIM_ss0_m.o)
 .debug_abbrev  0x00000d8f       0xaa .\CortexM0\ARM_GCC_541\Debug\SDCard_Demo.a(SDCard_SPIM_sclk_m.o)
 .debug_abbrev  0x00000e39      0x19a .\CortexM0\ARM_GCC_541\Debug\SDCard_Demo.a(CyLib.o)
 .debug_abbrev  0x00000fd3      0x22a .\CortexM0\ARM_GCC_541\Debug\SDCard_Demo.a(CyLFClk.o)
 .debug_abbrev  0x000011fd       0x14 .\CortexM0\ARM_GCC_541\Debug\SDCard_Demo.a(CyBootAsmGnu.o)
 .debug_abbrev  0x00001211       0x70 .\CortexM0\ARM_GCC_541\Debug\SDCard_Demo.a(SDCard_SPIM_SPI_UART_INT.o)

.debug_line     0x00000000     0x283e
 *(.debug_line)
 .debug_line    0x00000000       0x9e .\CortexM0\ARM_GCC_541\Debug\main.o
 .debug_line    0x0000009e      0x175 .\CortexM0\ARM_GCC_541\Debug\cyfitter_cfg.o
 .debug_line    0x00000213      0x1d0 .\CortexM0\ARM_GCC_541\Debug\Cm0Start.o
 .debug_line    0x000003e3      0x141 .\CortexM0\ARM_GCC_541\Debug\cymetadata.o
 .debug_line    0x00000524      0x179 .\CortexM0\ARM_GCC_541\Debug\SDCard_Demo.a(SDCard_SPI.o)
 .debug_line    0x0000069d      0xb67 .\CortexM0\ARM_GCC_541\Debug\SDCard_Demo.a(SDCard_FS.o)
 .debug_line    0x00001204      0x123 .\CortexM0\ARM_GCC_541\Debug\SDCard_Demo.a(SDCard_SPIM.o)
 .debug_line    0x00001327      0x12a .\CortexM0\ARM_GCC_541\Debug\SDCard_Demo.a(SDCard_SPIM_SPI_UART.o)
 .debug_line    0x00001451       0xec .\CortexM0\ARM_GCC_541\Debug\SDCard_Demo.a(SDCard_SPIM_SPI.o)
 .debug_line    0x0000153d       0xcc .\CortexM0\ARM_GCC_541\Debug\SDCard_Demo.a(SDCard_SD_Clock.o)
 .debug_line    0x00001609       0xc5 .\CortexM0\ARM_GCC_541\Debug\SDCard_Demo.a(SDCard_SD_PWR.o)
 .debug_line    0x000016ce       0xc4 .\CortexM0\ARM_GCC_541\Debug\SDCard_Demo.a(SDCard_SD_CS.o)
 .debug_line    0x00001792       0xc4 .\CortexM0\ARM_GCC_541\Debug\SDCard_Demo.a(SDCard_SD_WP.o)
 .debug_line    0x00001856       0xc4 .\CortexM0\ARM_GCC_541\Debug\SDCard_Demo.a(SDCard_SD_CD.o)
 .debug_line    0x0000191a       0xc9 .\CortexM0\ARM_GCC_541\Debug\SDCard_Demo.a(SDCard_SPIM_ss0_m.o)
 .debug_line    0x000019e3       0xca .\CortexM0\ARM_GCC_541\Debug\SDCard_Demo.a(SDCard_SPIM_sclk_m.o)
 .debug_line    0x00001aad      0x57d .\CortexM0\ARM_GCC_541\Debug\SDCard_Demo.a(CyLib.o)
 .debug_line    0x0000202a      0x721 .\CortexM0\ARM_GCC_541\Debug\SDCard_Demo.a(CyLFClk.o)
 .debug_line    0x0000274b       0x68 .\CortexM0\ARM_GCC_541\Debug\SDCard_Demo.a(CyBootAsmGnu.o)
 .debug_line    0x000027b3       0x8b .\CortexM0\ARM_GCC_541\Debug\SDCard_Demo.a(SDCard_SPIM_SPI_UART_INT.o)

.debug_frame    0x00000000     0x21f4
 *(.debug_frame)
 .debug_frame   0x00000000       0x34 .\CortexM0\ARM_GCC_541\Debug\main.o
 .debug_frame   0x00000034       0xc8 .\CortexM0\ARM_GCC_541\Debug\cyfitter_cfg.o
 .debug_frame   0x000000fc       0xc8 .\CortexM0\ARM_GCC_541\Debug\Cm0Start.o
 .debug_frame   0x000001c4      0x154 .\CortexM0\ARM_GCC_541\Debug\SDCard_Demo.a(SDCard_SPI.o)
 .debug_frame   0x00000318      0x8a4 .\CortexM0\ARM_GCC_541\Debug\SDCard_Demo.a(SDCard_FS.o)
 .debug_frame   0x00000bbc      0x134 .\CortexM0\ARM_GCC_541\Debug\SDCard_Demo.a(SDCard_SPIM.o)
 .debug_frame   0x00000cf0      0x128 .\CortexM0\ARM_GCC_541\Debug\SDCard_Demo.a(SDCard_SPIM_SPI_UART.o)
 .debug_frame   0x00000e18       0xa4 .\CortexM0\ARM_GCC_541\Debug\SDCard_Demo.a(SDCard_SPIM_SPI.o)
 .debug_frame   0x00000ebc       0xa4 .\CortexM0\ARM_GCC_541\Debug\SDCard_Demo.a(SDCard_SD_Clock.o)
 .debug_frame   0x00000f60       0xc8 .\CortexM0\ARM_GCC_541\Debug\SDCard_Demo.a(SDCard_SD_PWR.o)
 .debug_frame   0x00001028       0xc8 .\CortexM0\ARM_GCC_541\Debug\SDCard_Demo.a(SDCard_SD_CS.o)
 .debug_frame   0x000010f0       0xc8 .\CortexM0\ARM_GCC_541\Debug\SDCard_Demo.a(SDCard_SD_WP.o)
 .debug_frame   0x000011b8       0xc8 .\CortexM0\ARM_GCC_541\Debug\SDCard_Demo.a(SDCard_SD_CD.o)
 .debug_frame   0x00001280       0xc8 .\CortexM0\ARM_GCC_541\Debug\SDCard_Demo.a(SDCard_SPIM_ss0_m.o)
 .debug_frame   0x00001348       0xc8 .\CortexM0\ARM_GCC_541\Debug\SDCard_Demo.a(SDCard_SPIM_sclk_m.o)
 .debug_frame   0x00001410      0x6c4 .\CortexM0\ARM_GCC_541\Debug\SDCard_Demo.a(CyLib.o)
 .debug_frame   0x00001ad4      0x5f8 .\CortexM0\ARM_GCC_541\Debug\SDCard_Demo.a(CyLFClk.o)
 .debug_frame   0x000020cc       0x2c .\CortexM0\ARM_GCC_541\Debug\SDCard_Demo.a(SDCard_SPIM_SPI_UART_INT.o)
 .debug_frame   0x000020f8       0x20 c:/program files (x86)/cypress/psoc creator/4.4/psoc creator/import/gnu/arm/5.4.1/bin/../lib/gcc/arm-none-eabi/5.4.1/armv6-m\libgcc.a(_udivsi3.o)
 .debug_frame   0x00002118       0x20 c:/program files (x86)/cypress/psoc creator/4.4/psoc creator/import/gnu/arm/5.4.1/bin/../lib/gcc/arm-none-eabi/5.4.1/armv6-m\libgcc.a(_divsi3.o)
 .debug_frame   0x00002138       0x20 c:/program files (x86)/cypress/psoc creator/4.4/psoc creator/import/gnu/arm/5.4.1/bin/../lib/gcc/arm-none-eabi/5.4.1/../../../../arm-none-eabi/lib/armv6-m\libg_nano.a(lib_a-errno.o)
 .debug_frame   0x00002158       0x28 c:/program files (x86)/cypress/psoc creator/4.4/psoc creator/import/gnu/arm/5.4.1/bin/../lib/gcc/arm-none-eabi/5.4.1/../../../../arm-none-eabi/lib/armv6-m\libg_nano.a(lib_a-exit.o)
 .debug_frame   0x00002180       0x2c c:/program files (x86)/cypress/psoc creator/4.4/psoc creator/import/gnu/arm/5.4.1/bin/../lib/gcc/arm-none-eabi/5.4.1/../../../../arm-none-eabi/lib/armv6-m\libg_nano.a(lib_a-init.o)
 .debug_frame   0x000021ac       0x28 c:/program files (x86)/cypress/psoc creator/4.4/psoc creator/import/gnu/arm/5.4.1/bin/../lib/gcc/arm-none-eabi/5.4.1/../../../../arm-none-eabi/lib/armv6-m\libg_nano.a(lib_a-memcpy-stub.o)
 .debug_frame   0x000021d4       0x20 c:/program files (x86)/cypress/psoc creator/4.4/psoc creator/import/gnu/arm/5.4.1/bin/../lib/gcc/arm-none-eabi/5.4.1/../../../../arm-none-eabi/lib/armv6-m\libg_nano.a(lib_a-memset.o)

.debug_str      0x00000000     0x22fb
 *(.debug_str)
 .debug_str     0x00000000      0x188 .\CortexM0\ARM_GCC_541\Debug\main.o
                                0x1cd (size before relaxing)
 .debug_str     0x00000188       0xb0 .\CortexM0\ARM_GCC_541\Debug\cyfitter_cfg.o
                                0x259 (size before relaxing)
 .debug_str     0x00000238      0x11f .\CortexM0\ARM_GCC_541\Debug\Cm0Start.o
                                0x2e2 (size before relaxing)
 .debug_str     0x00000357       0x63 .\CortexM0\ARM_GCC_541\Debug\cymetadata.o
                                0x1dc (size before relaxing)
 .debug_str     0x000003ba      0x10b .\CortexM0\ARM_GCC_541\Debug\SDCard_Demo.a(SDCard_SPI.o)
                                0x2a7 (size before relaxing)
 .debug_str     0x000004c5      0x73f .\CortexM0\ARM_GCC_541\Debug\SDCard_Demo.a(SDCard_FS.o)
                                0x92a (size before relaxing)
 .debug_str     0x00000c04      0x182 .\CortexM0\ARM_GCC_541\Debug\SDCard_Demo.a(SDCard_SPIM.o)
                                0x32b (size before relaxing)
 .debug_str     0x00000d86      0x17b .\CortexM0\ARM_GCC_541\Debug\SDCard_Demo.a(SDCard_SPIM_SPI_UART.o)
                                0x328 (size before relaxing)
 .debug_str     0x00000f01       0xdd .\CortexM0\ARM_GCC_541\Debug\SDCard_Demo.a(SDCard_SPIM_SPI.o)
                                0x29d (size before relaxing)
 .debug_str     0x00000fde      0x107 .\CortexM0\ARM_GCC_541\Debug\SDCard_Demo.a(SDCard_SD_Clock.o)
                                0x29b (size before relaxing)
 .debug_str     0x000010e5       0xe0 .\CortexM0\ARM_GCC_541\Debug\SDCard_Demo.a(SDCard_SD_PWR.o)
                                0x282 (size before relaxing)
 .debug_str     0x000011c5       0xb8 .\CortexM0\ARM_GCC_541\Debug\SDCard_Demo.a(SDCard_SD_CS.o)
                                0x27b (size before relaxing)
 .debug_str     0x0000127d       0xb8 .\CortexM0\ARM_GCC_541\Debug\SDCard_Demo.a(SDCard_SD_WP.o)
                                0x27b (size before relaxing)
 .debug_str     0x00001335       0xb8 .\CortexM0\ARM_GCC_541\Debug\SDCard_Demo.a(SDCard_SD_CD.o)
                                0x27b (size before relaxing)
 .debug_str     0x000013ed       0xdb .\CortexM0\ARM_GCC_541\Debug\SDCard_Demo.a(SDCard_SPIM_ss0_m.o)
                                0x29e (size before relaxing)
 .debug_str     0x000014c8       0xe2 .\CortexM0\ARM_GCC_541\Debug\SDCard_Demo.a(SDCard_SPIM_sclk_m.o)
                                0x2a5 (size before relaxing)
 .debug_str     0x000015aa      0x5fc .\CortexM0\ARM_GCC_541\Debug\SDCard_Demo.a(CyLib.o)
                                0x7d1 (size before relaxing)
 .debug_str     0x00001ba6      0x70a .\CortexM0\ARM_GCC_541\Debug\SDCard_Demo.a(CyLFClk.o)
                                0x90e (size before relaxing)
 .debug_str     0x000022b0       0x4b .\CortexM0\ARM_GCC_541\Debug\SDCard_Demo.a(SDCard_SPIM_SPI_UART_INT.o)
                                0x205 (size before relaxing)

.debug_loc
 *(.debug_loc)

.debug_macinfo
 *(.debug_macinfo)

.debug_ranges   0x00000000      0x8a0
 *(.debug_ranges)
 .debug_ranges  0x00000000       0x10 .\CortexM0\ARM_GCC_541\Debug\main.o
 .debug_ranges  0x00000010       0x38 .\CortexM0\ARM_GCC_541\Debug\cyfitter_cfg.o
 .debug_ranges  0x00000048       0x38 .\CortexM0\ARM_GCC_541\Debug\Cm0Start.o
 .debug_ranges  0x00000080       0x58 .\CortexM0\ARM_GCC_541\Debug\SDCard_Demo.a(SDCard_SPI.o)
 .debug_ranges  0x000000d8      0x218 .\CortexM0\ARM_GCC_541\Debug\SDCard_Demo.a(SDCard_FS.o)
 .debug_ranges  0x000002f0       0x58 .\CortexM0\ARM_GCC_541\Debug\SDCard_Demo.a(SDCard_SPIM.o)
 .debug_ranges  0x00000348       0x50 .\CortexM0\ARM_GCC_541\Debug\SDCard_Demo.a(SDCard_SPIM_SPI_UART.o)
 .debug_ranges  0x00000398       0x30 .\CortexM0\ARM_GCC_541\Debug\SDCard_Demo.a(SDCard_SPIM_SPI.o)
 .debug_ranges  0x000003c8       0x30 .\CortexM0\ARM_GCC_541\Debug\SDCard_Demo.a(SDCard_SD_Clock.o)
 .debug_ranges  0x000003f8       0x38 .\CortexM0\ARM_GCC_541\Debug\SDCard_Demo.a(SDCard_SD_PWR.o)
 .debug_ranges  0x00000430       0x38 .\CortexM0\ARM_GCC_541\Debug\SDCard_Demo.a(SDCard_SD_CS.o)
 .debug_ranges  0x00000468       0x38 .\CortexM0\ARM_GCC_541\Debug\SDCard_Demo.a(SDCard_SD_WP.o)
 .debug_ranges  0x000004a0       0x38 .\CortexM0\ARM_GCC_541\Debug\SDCard_Demo.a(SDCard_SD_CD.o)
 .debug_ranges  0x000004d8       0x38 .\CortexM0\ARM_GCC_541\Debug\SDCard_Demo.a(SDCard_SPIM_ss0_m.o)
 .debug_ranges  0x00000510       0x38 .\CortexM0\ARM_GCC_541\Debug\SDCard_Demo.a(SDCard_SPIM_sclk_m.o)
 .debug_ranges  0x00000548      0x1c0 .\CortexM0\ARM_GCC_541\Debug\SDCard_Demo.a(CyLib.o)
 .debug_ranges  0x00000708      0x188 .\CortexM0\ARM_GCC_541\Debug\SDCard_Demo.a(CyLFClk.o)
 .debug_ranges  0x00000890       0x10 .\CortexM0\ARM_GCC_541\Debug\SDCard_Demo.a(SDCard_SPIM_SPI_UART_INT.o)

.comment        0x00000000       0x6e
 .comment       0x00000000       0x6e .\CortexM0\ARM_GCC_541\Debug\main.o
                                 0x6f (size before relaxing)
 .comment       0x0000006e       0x6f .\CortexM0\ARM_GCC_541\Debug\cyfitter_cfg.o
 .comment       0x0000006e       0x6f .\CortexM0\ARM_GCC_541\Debug\Cm0Start.o
 .comment       0x0000006e       0x6f .\CortexM0\ARM_GCC_541\Debug\cymetadata.o
 .comment       0x0000006e       0x6f .\CortexM0\ARM_GCC_541\Debug\SDCard_Demo.a(SDCard_SPI.o)
 .comment       0x0000006e       0x6f .\CortexM0\ARM_GCC_541\Debug\SDCard_Demo.a(SDCard_FS.o)
 .comment       0x0000006e       0x6f .\CortexM0\ARM_GCC_541\Debug\SDCard_Demo.a(SDCard_SPIM.o)
 .comment       0x0000006e       0x6f .\CortexM0\ARM_GCC_541\Debug\SDCard_Demo.a(SDCard_SPIM_SPI_UART.o)
 .comment       0x0000006e       0x6f .\CortexM0\ARM_GCC_541\Debug\SDCard_Demo.a(SDCard_SPIM_SPI.o)
 .comment       0x0000006e       0x6f .\CortexM0\ARM_GCC_541\Debug\SDCard_Demo.a(SDCard_SD_Clock.o)
 .comment       0x0000006e       0x6f .\CortexM0\ARM_GCC_541\Debug\SDCard_Demo.a(SDCard_SD_PWR.o)
 .comment       0x0000006e       0x6f .\CortexM0\ARM_GCC_541\Debug\SDCard_Demo.a(SDCard_SD_CS.o)
 .comment       0x0000006e       0x6f .\CortexM0\ARM_GCC_541\Debug\SDCard_Demo.a(SDCard_SD_WP.o)
 .comment       0x0000006e       0x6f .\CortexM0\ARM_GCC_541\Debug\SDCard_Demo.a(SDCard_SD_CD.o)
 .comment       0x0000006e       0x6f .\CortexM0\ARM_GCC_541\Debug\SDCard_Demo.a(SDCard_SPIM_ss0_m.o)
 .comment       0x0000006e       0x6f .\CortexM0\ARM_GCC_541\Debug\SDCard_Demo.a(SDCard_SPIM_sclk_m.o)
 .comment       0x0000006e       0x6f .\CortexM0\ARM_GCC_541\Debug\SDCard_Demo.a(CyLib.o)
 .comment       0x0000006e       0x6f .\CortexM0\ARM_GCC_541\Debug\SDCard_Demo.a(CyLFClk.o)
 .comment       0x0000006e       0x6f .\CortexM0\ARM_GCC_541\Debug\SDCard_Demo.a(SDCard_SPIM_SPI_UART_INT.o)

.debug_weaknames
 *(.debug_weaknames)

.debug_funcnames
 *(.debug_funcnames)

.debug_typenames
 *(.debug_typenames)

.debug_varnames
 *(.debug_varnames)

.note.gnu.arm.ident
 *(.note.gnu.arm.ident)

.ARM.attributes
                0x00000000       0x28
 *(.ARM.attributes)
 .ARM.attributes
                0x00000000       0x1e c:/program files (x86)/cypress/psoc creator/4.4/psoc creator/import/gnu/arm/5.4.1/bin/../lib/gcc/arm-none-eabi/5.4.1/armv6-m/crti.o
 .ARM.attributes
                0x0000001e       0x2c c:/program files (x86)/cypress/psoc creator/4.4/psoc creator/import/gnu/arm/5.4.1/bin/../lib/gcc/arm-none-eabi/5.4.1/armv6-m/crtbegin.o
 .ARM.attributes
                0x0000004a       0x1b c:/program files (x86)/cypress/psoc creator/4.4/psoc creator/import/gnu/arm/5.4.1/bin/../lib/gcc/arm-none-eabi/5.4.1/../../../../arm-none-eabi/lib/armv6-m/crt0.o
 .ARM.attributes
                0x00000065       0x31 .\CortexM0\ARM_GCC_541\Debug\main.o
 .ARM.attributes
                0x00000096       0x31 .\CortexM0\ARM_GCC_541\Debug\cyfitter_cfg.o
 .ARM.attributes
                0x000000c7       0x31 .\CortexM0\ARM_GCC_541\Debug\Cm0Start.o
 .ARM.attributes
                0x000000f8       0x31 .\CortexM0\ARM_GCC_541\Debug\cymetadata.o
 .ARM.attributes
                0x00000129       0x31 .\CortexM0\ARM_GCC_541\Debug\SDCard_Demo.a(SDCard_SPI.o)
 .ARM.attributes
                0x0000015a       0x31 .\CortexM0\ARM_GCC_541\Debug\SDCard_Demo.a(SDCard_FS.o)
 .ARM.attributes
                0x0000018b       0x31 .\CortexM0\ARM_GCC_541\Debug\SDCard_Demo.a(SDCard_SPIM.o)
 .ARM.attributes
                0x000001bc       0x31 .\CortexM0\ARM_GCC_541\Debug\SDCard_Demo.a(SDCard_SPIM_SPI_UART.o)
 .ARM.attributes
                0x000001ed       0x31 .\CortexM0\ARM_GCC_541\Debug\SDCard_Demo.a(SDCard_SPIM_SPI.o)
 .ARM.attributes
                0x0000021e       0x31 .\CortexM0\ARM_GCC_541\Debug\SDCard_Demo.a(SDCard_SD_Clock.o)
 .ARM.attributes
                0x0000024f       0x31 .\CortexM0\ARM_GCC_541\Debug\SDCard_Demo.a(SDCard_SD_PWR.o)
 .ARM.attributes
                0x00000280       0x31 .\CortexM0\ARM_GCC_541\Debug\SDCard_Demo.a(SDCard_SD_CS.o)
 .ARM.attributes
                0x000002b1       0x31 .\CortexM0\ARM_GCC_541\Debug\SDCard_Demo.a(SDCard_SD_WP.o)
 .ARM.attributes
                0x000002e2       0x31 .\CortexM0\ARM_GCC_541\Debug\SDCard_Demo.a(SDCard_SD_CD.o)
 .ARM.attributes
                0x00000313       0x31 .\CortexM0\ARM_GCC_541\Debug\SDCard_Demo.a(SDCard_SPIM_ss0_m.o)
 .ARM.attributes
                0x00000344       0x31 .\CortexM0\ARM_GCC_541\Debug\SDCard_Demo.a(SDCard_SPIM_sclk_m.o)
 .ARM.attributes
                0x00000375       0x31 .\CortexM0\ARM_GCC_541\Debug\SDCard_Demo.a(CyLib.o)
 .ARM.attributes
                0x000003a6       0x31 .\CortexM0\ARM_GCC_541\Debug\SDCard_Demo.a(CyLFClk.o)
 .ARM.attributes
                0x000003d7       0x21 .\CortexM0\ARM_GCC_541\Debug\SDCard_Demo.a(CyBootAsmGnu.o)
 .ARM.attributes
                0x000003f8       0x31 .\CortexM0\ARM_GCC_541\Debug\SDCard_Demo.a(SDCard_SPIM_SPI_UART_INT.o)
 .ARM.attributes
                0x00000429       0x1e c:/program files (x86)/cypress/psoc creator/4.4/psoc creator/import/gnu/arm/5.4.1/bin/../lib/gcc/arm-none-eabi/5.4.1/armv6-m\libgcc.a(_udivsi3.o)
 .ARM.attributes
                0x00000447       0x1e c:/program files (x86)/cypress/psoc creator/4.4/psoc creator/import/gnu/arm/5.4.1/bin/../lib/gcc/arm-none-eabi/5.4.1/armv6-m\libgcc.a(_divsi3.o)
 .ARM.attributes
                0x00000465       0x1e c:/program files (x86)/cypress/psoc creator/4.4/psoc creator/import/gnu/arm/5.4.1/bin/../lib/gcc/arm-none-eabi/5.4.1/armv6-m\libgcc.a(_dvmd_tls.o)
 .ARM.attributes
                0x00000483       0x2c c:/program files (x86)/cypress/psoc creator/4.4/psoc creator/import/gnu/arm/5.4.1/bin/../lib/gcc/arm-none-eabi/5.4.1/../../../../arm-none-eabi/lib/armv6-m\libg_nano.a(lib_a-errno.o)
 .ARM.attributes
                0x000004af       0x2c c:/program files (x86)/cypress/psoc creator/4.4/psoc creator/import/gnu/arm/5.4.1/bin/../lib/gcc/arm-none-eabi/5.4.1/../../../../arm-none-eabi/lib/armv6-m\libg_nano.a(lib_a-exit.o)
 .ARM.attributes
                0x000004db       0x2c c:/program files (x86)/cypress/psoc creator/4.4/psoc creator/import/gnu/arm/5.4.1/bin/../lib/gcc/arm-none-eabi/5.4.1/../../../../arm-none-eabi/lib/armv6-m\libg_nano.a(lib_a-impure.o)
 .ARM.attributes
                0x00000507       0x2c c:/program files (x86)/cypress/psoc creator/4.4/psoc creator/import/gnu/arm/5.4.1/bin/../lib/gcc/arm-none-eabi/5.4.1/../../../../arm-none-eabi/lib/armv6-m\libg_nano.a(lib_a-init.o)
 .ARM.attributes
                0x00000533       0x2c c:/program files (x86)/cypress/psoc creator/4.4/psoc creator/import/gnu/arm/5.4.1/bin/../lib/gcc/arm-none-eabi/5.4.1/../../../../arm-none-eabi/lib/armv6-m\libg_nano.a(lib_a-memcpy-stub.o)
 .ARM.attributes
                0x0000055f       0x2c c:/program files (x86)/cypress/psoc creator/4.4/psoc creator/import/gnu/arm/5.4.1/bin/../lib/gcc/arm-none-eabi/5.4.1/../../../../arm-none-eabi/lib/armv6-m\libg_nano.a(lib_a-memset.o)
 .ARM.attributes
                0x0000058b       0x2c c:/program files (x86)/cypress/psoc creator/4.4/psoc creator/import/gnu/arm/5.4.1/bin/../lib/gcc/arm-none-eabi/5.4.1/armv6-m/crtend.o
 .ARM.attributes
                0x000005b7       0x1e c:/program files (x86)/cypress/psoc creator/4.4/psoc creator/import/gnu/arm/5.4.1/bin/../lib/gcc/arm-none-eabi/5.4.1/armv6-m/crtn.o

/DISCARD/
 *(.note.GNU-stack)
OUTPUT(C:\Users\freem\OneDrive\Documents\ECE\ECE 405_406\SD_Card_Interface\SDCard_Demo.cydsn\CortexM0\ARM_GCC_541\Debug\SDCard_Demo.elf elf32-littlearm)
